******************************************************************************
                  TI ARM Linker PC v5.2.0                      
******************************************************************************
>> Linked Sun May 17 17:44:45 2015

OUTPUT FILE NAME:   <Foton.out>
ENTRY POINT SYMBOL: "_c_int00"  address: 2000b2fd


MEMORY CONFIGURATION

         name            origin    length      used     unused   attr    fill
----------------------  --------  ---------  --------  --------  ----  --------
  SRAM_CODE             20004000   00013000  00008114  0000aeec  RW X
  SRAM_DATA             20017000   00019000  0000648f  00012b71  RW X


SEGMENT ALLOCATION MAP

run origin  load origin   length   init length attrs members
----------  ----------- ---------- ----------- ----- -------
20004000    20004000    00008118   00008118    r-x
  20004000    20004000    00000400   00000400    r-- .intvecs
  20004400    20004400    00007802   00007802    r-x .text
  2000bc04    2000bc04    000003ae   000003ae    r-- .const
  2000bfb4    2000bfb4    00000004   00000004    r-- .init_array
  2000bfb8    2000bfb8    00000160   00000160    r-- .cinit
20017000    20017000    00006390   00000000    rw-
  20017000    20017000    00004000   00000000    rw- .sysmem
  2001b000    2001b000    0000210f   00000000    rw- .bss
  2001d110    2001d110    00000280   00000000    rw- .data
2002ff00    2002ff00    00000100   00000000    rw-
  2002ff00    2002ff00    00000100   00000000    rw- .stack


SECTION ALLOCATION MAP

 output                                  attributes/
section   page    origin      length       input sections
--------  ----  ----------  ----------   ----------------
.intvecs   0    20004000    00000400     
                  20004000    00000400     startup_ccs.obj (.intvecs)

.text      0    20004400    00007802     
                  20004400    00001258     free_rtos.a : tasks.obj (.text)
                  20005658    000010a6     rtsv7M4_T_le_eabi.lib : _printfi.obj (.text)
                  200066fe    00000002     driverlib.a : interrupt.obj (.text:IntDefaultHandler)
                  20006700    00000b24     free_rtos.a : queue.obj (.text)
                  20007224    0000094c     HC-05driver.obj (.text)
                  20007b70    0000078c     ButtonDriver.obj (.text)
                  200082fc    00000674     main.obj (.text)
                  20008970    0000060c     DisplayDriver.obj (.text)
                  20008f7c    000003dc     rtsv7M4_T_le_eabi.lib : memory.obj (.text)
                  20009358    0000026c     uart_if.obj (.text)
                  200095c4    00000200     udma_if.obj (.text)
                  200097c4    000001f4     rtsv7M4_T_le_eabi.lib : ull_div_t2.obj (.text)
                  200099b8    000001b6                           : fd_add_t2.obj (.text)
                  20009b6e    00000160     GenerateImage.obj (.text)
                  20009cce    00000136     rtsv7M4_T_le_eabi.lib : fd_div_t2.obj (.text)
                  20009e04    00000134     driverlib.a : prcm.obj (.text:PRCMCC3200MCUInit)
                  20009f38    0000012a     free_rtos.a : list.obj (.text)
                  2000a062    00000002     rtsv7M4_T_le_eabi.lib : newhandler.obj (.text)
                  2000a064    00000110     free_rtos.a : port.obj (.text)
                  2000a174    00000110     rtsv7M4_T_le_eabi.lib : xdscale.obj (.text)
                  2000a284    000000fc                           : fd_mul_t2.obj (.text)
                  2000a380    000000f4                           : dtor_list.obj (.text)
                  2000a474    000000f0     driverlib.a : udma.obj (.text:uDMAChannelTransferSet)
                  2000a564    000000be     rtsv7M4_T_le_eabi.lib : xdnorm.obj (.text)
                  2000a622    00000002     --HOLE-- [fill = 0]
                  2000a624    000000ba     free_rtos.a : portasm.obj (.text)
                  2000a6de    00000002     --HOLE-- [fill = 0]
                  2000a6e0    000000a8     driverlib.a : interrupt.obj (.text:IntDisable)
                  2000a788    000000a8                 : interrupt.obj (.text:IntEnable)
                  2000a830    0000009c     rtsv7M4_T_le_eabi.lib : memcpy_t2.obj (.text)
                  2000a8cc    00000094     driverlib.a : prcm.obj (.text:PRCMPeripheralClockGet)
                  2000a960    00000088                 : pin.obj (.text:PinConfigSet)
                  2000a9e8    00000088     rtsv7M4_T_le_eabi.lib : vsnprintf.obj (.text)
                  2000aa70    00000086                           : fd_cmp_t2.obj (.text:__aeabi_cdcmple)
                  2000aaf6    00000086                           : fd_cmp_t2.obj (.text:__aeabi_cdrcmple)
                  2000ab7c    00000082     driverlib.a : gpio.obj (.text:GPIOIntTypeSet)
                  2000abfe    0000007a     rtsv7M4_T_le_eabi.lib : memset_t2.obj (.text)
                  2000ac78    00000076     driverlib.a : uart.obj (.text:UARTConfigSetExpClk)
                  2000acee    00000002     --HOLE-- [fill = 0]
                  2000acf0    0000006c     rtsv7M4_T_le_eabi.lib : autoinit.obj (.text)
                  2000ad5c    0000006a                           : copy_decompress_rle.obj (.text)
                  2000adc6    00000066                           : xdunscal.obj (.text)
                  2000ae2c    00000064     driverlib.a : udma.obj (.text:uDMAChannelAttributeDisable)
                  2000ae90    00000064                 : udma.obj (.text:uDMAChannelAttributeEnable)
                  2000aef4    00000058                 : interrupt.obj (.text:IntPendClear)
                  2000af4c    00000058                 : prcm.obj (.text:PRCMPeripheralReset)
                  2000afa4    00000056     rtsv7M4_T_le_eabi.lib : ltoa.obj (.text)
                  2000affa    00000002     --HOLE-- [fill = 0]
                  2000affc    0000004c                           : atoi.obj (.text)
                  2000b048    0000004c                           : cpy_tbl.obj (.text)
                  2000b094    0000004c     driverlib.a : udma.obj (.text:uDMAChannelAssign)
                  2000b0e0    00000048                 : gpio.obj (.text:GPIOGetIntNumber)
                  2000b128    00000048     rtsv7M4_T_le_eabi.lib : fd_toi_t2.obj (.text)
                  2000b170    00000046                           : ldexp.obj (.text)
                  2000b1b6    00000002     --HOLE-- [fill = 0]
                  2000b1b8    00000044     driverlib.a : timer.obj (.text:TimerConfigure)
                  2000b1fc    00000044     rtsv7M4_T_le_eabi.lib : exit.obj (.text)
                  2000b240    00000040     driverlib.a : pin.obj (.text:PinModeSet)
                  2000b280    00000040     rtsv7M4_T_le_eabi.lib : signal.obj (.text)
                  2000b2c0    0000003c     driverlib.a : prcm.obj (.text:PRCMPeripheralClkEnable)
                  2000b2fc    0000003c     rtsv7M4_T_le_eabi.lib : boot.obj (.text)
                  2000b338    0000003c     driverlib.a : udma.obj (.text:uDMAChannelControlSet)
                  2000b374    0000003a     ButtonDriver.obj (.text:_ZN12ButtonDriver14getButtonStateEv)
                  2000b3ae    0000003a     main.obj (.text:_ZN20BUTTON_DEBOUNCE_CTRLC1Ev)
                  2000b3e8    00000038     ButtonDriver.obj (.text:_ZN13PinDefinitionC1Ev)
                  2000b420    00000038     free_rtos.a : heap_3.obj (.text)
                  2000b458    00000036     driverlib.a : gpio.obj (.text:GPIODirModeSet)
                  2000b48e    00000036                 : timer.obj (.text:TimerControlLevel)
                  2000b4c4    00000034     rtsv7M4_T_le_eabi.lib : feraiseexcept.obj (.text)
                  2000b4f8    00000030     driverlib.a : pin.obj (.text:PinTypeGPIO)
                  2000b528    00000030                 : uart.obj (.text:UARTDisable)
                  2000b558    00000030     rtsv7M4_T_le_eabi.lib : new_.obj (.text)
                  2000b588    00000030                           : xferaise.obj (.text)
                  2000b5b8    0000002e                           : i_tofd_t2.obj (.text)
                  2000b5e6    0000002e                           : raise.obj (.text)
                  2000b614    0000002c     driverlib.a : prcm.obj (.text:PRCMSysResetCauseGet)
                  2000b640    0000002a                 : timer.obj (.text:TimerLoadSet)
                  2000b66a    0000002a                 : timer.obj (.text:TimerMatchSet)
                  2000b694    0000002a                 : timer.obj (.text:TimerPrescaleSet)
                  2000b6be    0000002a     rtsv7M4_T_le_eabi.lib : xdclass.obj (.text)
                  2000b6e8    00000028     driverlib.a : prcm.obj (.text:PRCMPeripheralClkDisable)
                  2000b710    00000024                 : interrupt.obj (.text:IntUnregister)
                  2000b734    00000024                 : uart.obj (.text:UARTEnable)
                  2000b758    00000024     HC-05driver.obj (.text:_ZN20BLUETOOTH_AT_REQUESTC1Et16HC_05_AT_COMMAND)
                  2000b77c    00000024     rtsv7M4_T_le_eabi.lib : memmov.obj (.text)
                  2000b7a0    00000022     driverlib.a : gpio.obj (.text:GPIOIntStatus)
                  2000b7c2    00000022     ButtonDriver.obj (.text:_ZN12ButtonDriver11pressButtonEv)
                  2000b7e4    00000022     rtsv7M4_T_le_eabi.lib : frexp.obj (.text)
                  2000b806    00000020     driverlib.a : gpio.obj (.text:GPIOPinWrite)
                  2000b826    00000002     --HOLE-- [fill = 0]
                  2000b828    00000020                 : interrupt.obj (.text:IntRegister)
                  2000b848    0000001e                 : gpio.obj (.text:GPIOIntRegister)
                  2000b866    0000001e                 : timer.obj (.text:TimerEnable)
                  2000b884    0000001e                 : uart.obj (.text:UARTCharPut)
                  2000b8a2    0000001e                 : uart.obj (.text:UARTIntStatus)
                  2000b8c0    0000001c     rtsv7M4_T_le_eabi.lib : memccpy.obj (.text)
                  2000b8dc    0000001c     driverlib.a : udma.obj (.text:uDMAChannelDisable)
                  2000b8f8    0000001c                 : udma.obj (.text:uDMAChannelEnable)
                  2000b914    0000001c                 : udma.obj (.text:uDMAChannelRequest)
                  2000b930    0000001a                 : gpio.obj (.text:GPIOIntDisable)
                  2000b94a    0000001a                 : gpio.obj (.text:GPIOIntEnable)
                  2000b964    0000001a                 : pin.obj (.text:PinTypeTimer)
                  2000b97e    0000001a                 : pin.obj (.text:PinTypeUART)
                  2000b998    00000018                 : gpio.obj (.text:GPIOPinRead)
                  2000b9b0    00000018                 : uart.obj (.text:UARTCharsAvail)
                  2000b9c8    00000018                 : uart.obj (.text:UARTDMAEnable)
                  2000b9e0    00000018                 : uart.obj (.text:UARTFIFOLevelSet)
                  2000b9f8    00000018                 : uart.obj (.text:UARTIntEnable)
                  2000ba10    00000018     rtsv7M4_T_le_eabi.lib : args_main.obj (.text)
                  2000ba28    00000016     driverlib.a : prcm.obj (.text:PRCMHIBRegRead)
                  2000ba3e    00000016                 : prcm.obj (.text:PRCMHIBRegWrite)
                  2000ba54    00000016                 : uart.obj (.text:UARTCharGet)
                  2000ba6a    00000016                 : uart.obj (.text:UARTFIFODisable)
                  2000ba80    00000016                 : uart.obj (.text:UARTFIFOEnable)
                  2000ba96    00000016     rtsv7M4_T_le_eabi.lib : strchr.obj (.text)
                  2000baac    00000016     driverlib.a : udma.obj (.text:uDMAIntRegister)
                  2000bac2    00000014                 : cpu.obj (.text:CPUcpsie)
                  2000bad6    00000014                 : gpio.obj (.text:GPIOIntClear)
                  2000baea    00000002     --HOLE-- [fill = 0]
                  2000baec    00000014                 : interrupt.obj (.text:IntVTableBaseSet)
                  2000bb00    00000014     rtsv7M4_T_le_eabi.lib : _lock.obj (.text)
                  2000bb14    00000014                           : strlen.obj (.text)
                  2000bb28    00000014     driverlib.a : udma.obj (.text:uDMAControlBaseSet)
                  2000bb3c    00000014                 : udma.obj (.text:uDMAIntClear)
                  2000bb50    00000012                 : uart.obj (.text:UARTIntClear)
                  2000bb62    00000012     main.obj (.text:_ZN12ButtonDriver18registerButtonFuncEPFvRK12ButtonSTATUSRKbE)
                  2000bb74    00000012     driverlib.a : udma.obj (.text:uDMAIntUnregister)
                  2000bb86    0000000e     main.obj (.text:_ZN14HC_05Bluetooth13isTransferingEv)
                  2000bb94    0000000e     rtsv7M4_T_le_eabi.lib : copy_decompress_none.obj (.text:decompress:none)
                  2000bba2    0000000e     startup_ccs.obj (.text)
                  2000bbb0    0000000c     rtsv7M4_T_le_eabi.lib : copy_zero_init.obj (.text:decompress:ZI)
                  2000bbbc    0000000c     driverlib.a : udma.obj (.text:uDMADisable)
                  2000bbc8    0000000c                 : udma.obj (.text:uDMAEnable)
                  2000bbd4    0000000c                 : udma.obj (.text:uDMAIntStatus)
                  2000bbe0    0000000a                 : interrupt.obj (.text:IntMasterEnable)
                  2000bbea    00000008     rtsv7M4_T_le_eabi.lib : delete.obj (.text)
                  2000bbf2    00000006     driverlib.a : utils.obj (.text:UtilsDelay)
                  2000bbf8    00000006     rtsv7M4_T_le_eabi.lib : copy_decompress_rle.obj (.text:decompress:rle24)
                  2000bbfe    00000004                           : pre_init.obj (.text)

.const     0    2000bc04    000003ae     
                  2000bc04    00000101     rtsv7M4_T_le_eabi.lib : ctype.obj (.const:.string:_ctypes_)
                  2000bd05    00000003     --HOLE-- [fill = 0]
                  2000bd08    00000100     driverlib.a : pin.obj (.const:g_ulPinToPadMap)
                  2000be08    000000a8                 : prcm.obj (.const:PRCM_PeriphRegsList)
                  2000beb0    00000080     DisplayDriver.obj (.const:$P$T0$1)
                  2000bf30    00000080     driverlib.a : interrupt.obj (.const)
                  2000bfb0    00000002     HC-05driver.obj (.const:.string)

.init_array 
*          0    2000bfb4    00000004     
                  2000bfb4    00000004     main.obj (.init_array)

.cinit     0    2000bfb8    00000160     
                  2000bfb8    00000137     (.cinit..data.load) [load image, compression = rle]
                  2000c0ef    00000001     --HOLE-- [fill = 0]
                  2000c0f0    0000000c     (__TI_handler_table)
                  2000c0fc    00000004     --HOLE-- [fill = 0]
                  2000c100    00000008     (.cinit..bss.load) [load image, compression = zero_init]
                  2000c108    00000010     (__TI_cinit_table)

.sysmem    0    20017000    00004000     UNINITIALIZED
                  20017000    00000008     rtsv7M4_T_le_eabi.lib : memory.obj (.sysmem)
                  20017008    00003ff8     --HOLE--

.bss       0    2001b000    0000210f     UNINITIALIZED
                  2001b000    0000188c     main.obj (.bss:leddisplay)
                  2001c88c    0000012c     main.obj (.bss:RXDATABUFF)
                  2001c9b8    00000100     udma_if.obj (.bss:gfpAppCallbackHndl)
                  2001cab8    000000c8     free_rtos.a : tasks.obj (.bss:pxReadyTasksLists)
                  2001cb80    00000050                 : queue.obj (.bss:xQueueRegistry)
                  2001cbd0    00000014     (.common:xDelayedTaskList1)
                  2001cbe4    00000014     (.common:xDelayedTaskList2)
                  2001cbf8    00000004     (.common:BLANK_PORT_ADDR)
                  2001cbfc    00000004     (.common:BLUETOOTH_CMD_READ_HNDLE)
                  2001cc00    00000400     udma_if.obj (.bss:gpCtlTbl)
                  2001d000    000000a4     main.obj (.bss)
                  2001d0a4    00000014     (.common:xPendingReadyList)
                  2001d0b8    00000014     (.common:xSuspendedTaskList)
                  2001d0cc    00000014     (.common:xTasksWaitingTermination)
                  2001d0e0    00000004     (.common:BLUETOOTH_READ_HNDLE)
                  2001d0e4    00000004     (.common:Button1_PTR)
                  2001d0e8    00000004     (.common:Button2_PTR)
                  2001d0ec    00000004     (.common:CURRENT_MESSAGE)
                  2001d0f0    00000004     (.common:FOTON_BLUETOOTH)
                  2001d0f4    00000004     (.common:FOTON_LED_BOARD)
                  2001d0f8    00000004     (.common:__Errorlog)
                  2001d0fc    00000004     (.common:__dso_handle)
                  2001d100    00000004     (.common:local_current_message)
                  2001d104    00000004     (.common:pxDelayedTaskList)
                  2001d108    00000004     (.common:pxOverflowDelayedTaskList)
                  2001d10c    00000001     (.common:BLANK_PIN_ADDR)
                  2001d10d    00000001     (.common:BLANK_PIN_NUM)
                  2001d10e    00000001     (.common:iDone)

.TI.noinit 
*          0    2001b000    00000000     UNINITIALIZED

.data      0    2001d110    00000280     UNINITIALIZED
                  2001d110    000000b0     rtsv7M4_T_le_eabi.lib : signal.obj (.data:sigtable)
                  2001d1c0    00000094     HC-05driver.obj (.data:COMMAND_STR_TABLE)
                  2001d254    00000004     free_rtos.a : port.obj (.data)
                  2001d258    00000080     rtsv7M4_T_le_eabi.lib : xvalues.obj (.data)
                  2001d2d8    00000034     free_rtos.a : tasks.obj (.data)
                  2001d30c    00000024     main.obj (.data)
                  2001d330    00000018     HC-05driver.obj (.data)
                  2001d348    00000014     ButtonDriver.obj (.data)
                  2001d35c    0000000c     rtsv7M4_T_le_eabi.lib : memory.obj (.data)
                  2001d368    00000008                           : _lock.obj (.data)
                  2001d370    00000008                           : exit.obj (.data)
                  2001d378    00000008                           : feraiseexcept.obj (.data)
                  2001d380    00000004                           : dtor_list.obj (.data)
                  2001d384    00000004                           : errno.obj (.data)
                  2001d388    00000004                           : stkdepth_vars.obj (.data)
                  2001d38c    00000004                           : vars.obj (.data)

.TI.persistent 
*          0    2001d110    00000000     UNINITIALIZED

.stack     0    2002ff00    00000100     UNINITIALIZED
                  2002ff00    00000100     --HOLE--


LINKER GENERATED COPY TABLES

__TI_cinit_table @ 2000c108 records: 2, size/record: 8, table size: 16
	.data: load addr=2000bfb8, load size=00000137 bytes, run addr=2001d110, run size=00000280 bytes, compression=rle
	.bss: load addr=2000c100, load size=00000008 bytes, run addr=2001b000, run size=0000210f bytes, compression=zero_init


LINKER GENERATED HANDLER TABLE

__TI_handler_table @ 2000c0f0 records: 3, size/record: 4, table size: 12
	index: 0, handler: __TI_decompress_rle24
	index: 1, handler: __TI_decompress_none
	index: 2, handler: __TI_zero_init


GLOBAL SYMBOLS: SORTED ALPHABETICALLY BY Name 

address   name                                                          
-------   ----                                                          
2001d344  AT_COMMAND_QUEUE                                              
2001d10c  BLANK_PIN_ADDR                                                
2001d10d  BLANK_PIN_NUM                                                 
2001cbf8  BLANK_PORT_ADDR                                               
2001cbfc  BLUETOOTH_CMD_READ_HNDLE                                      
2001d0e0  BLUETOOTH_READ_HNDLE                                          
2001d08c  Button1_Debounce                                              
2001d0e4  Button1_PTR                                                   
2001d098  Button2_Debounce                                              
2001d0e8  Button2_PTR                                                   
2000b1fd  C$$EXIT                                                       
2001d1c0  COMMAND_STR_TABLE                                             
2000bac3  CPUcpsie                                                      
2001d0ec  CURRENT_MESSAGE                                               
20009399  ClearTerm                                                     
20008e41  ConfigLEDPins                                                 
20008dc1  ConfigureDisplayDriver                                        
2000976b  DMASetupTransfer                                              
20008baf  DisplayCurrentImageBCM                                        
20008971  DisplayCurrentImageRGB                                        
200095db  DmaErrorIntHandler                                            
200095c5  DmaSwIntHandler                                               
200093a3  Error                                                         
2001d0f0  FOTON_BLUETOOTH                                               
2001d0f4  FOTON_LED_BOARD                                               
20009c5f  FillColor                                                     
2000b459  GPIODirModeSet                                                
2000bad7  GPIOIntClear                                                  
2000b931  GPIOIntDisable                                                
2000b94b  GPIOIntEnable                                                 
2000b849  GPIOIntRegister                                               
2000b7a1  GPIOIntStatus                                                 
2000ab7d  GPIOIntTypeSet                                                
2000b999  GPIOPinRead                                                   
2000b807  GPIOPinWrite                                                  
2001d328  GREEN_LEDPTR                                                  
200093db  GetCmd                                                        
20009359  InitTerm                                                      
2000a6e1  IntDisable                                                    
2000a789  IntEnable                                                     
2000bbe1  IntMasterEnable                                               
2000aef5  IntPendClear                                                  
2000b829  IntRegister                                                   
2000b711  IntUnregister                                                 
2000baed  IntVTableBaseSet                                              
20009377  Message                                                       
20009e05  PRCMCC3200MCUInit                                             
2000ba29  PRCMHIBRegRead                                                
2000ba3f  PRCMHIBRegWrite                                               
2000b6e9  PRCMPeripheralClkDisable                                      
2000b2c1  PRCMPeripheralClkEnable                                       
2000a8cd  PRCMPeripheralClockGet                                        
2000af4d  PRCMPeripheralReset                                           
2000b615  PRCMSysResetCauseGet                                          
2000a961  PinConfigSet                                                  
2000b241  PinModeSet                                                    
2000b4f9  PinTypeGPIO                                                   
2000b965  PinTypeTimer                                                  
2000b97f  PinTypeUART                                                   
2001d324  RED_LEDPTR                                                    
2001c88c  RXDATABUFF                                                    
20009505  Report                                                        
2000bba3  ResetISR                                                      
2000bfb4  SHT$$INIT_ARRAY$$Base                                         
2000bfb8  SHT$$INIT_ARRAY$$Limit                                        
2000966d  SetupTransfer                                                 
2000b1b9  TimerConfigure                                                
2000b48f  TimerControlLevel                                             
2000b867  TimerEnable                                                   
2000b641  TimerLoadSet                                                  
2000b66b  TimerMatchSet                                                 
2000b695  TimerPrescaleSet                                              
2000946d  TrimSpace                                                     
2000ba55  UARTCharGet                                                   
2000b885  UARTCharPut                                                   
2000b9b1  UARTCharsAvail                                                
2000ac79  UARTConfigSetExpClk                                           
2000b9c9  UARTDMAEnable                                                 
2000b529  UARTDisable                                                   
2000b735  UARTEnable                                                    
2000ba6b  UARTFIFODisable                                               
2000ba81  UARTFIFOEnable                                                
2000b9e1  UARTFIFOLevelSet                                              
2000bb51  UARTIntClear                                                  
2000b9f9  UARTIntEnable                                                 
2000b8a3  UARTIntStatus                                                 
2000963f  UDMAChannelSelect                                             
20009757  UDMADeInit                                                    
200095e7  UDMAInit                                                      
200096b1  UDMASetupAutoMemTransfer                                      
200096e5  UDMASetupPingPongTransfer                                     
2000973f  UDMAStartTransfer                                             
2000974b  UDMAStopTransfer                                              
2000bbf3  UtilsDelay                                                    
2001d320  YELLOW_LEDPTR                                                 
2000b6bf  _Dclass                                                       
2001d258  _Denorm                                                       
2000a565  _Dnorm                                                        
2000a175  _Dscale                                                       
2000adc7  _Dunscale                                                     
2001d268  _Eps                                                          
2001d384  _Errno                                                        
2001d378  _Fenv                                                         
2000b589  _Feraise                                                      
2001d278  _Hugeval                                                      
2001d288  _Inf                                                          
2001d298  _Nan                                                          
2001d2b8  _Rteps                                                        
2001d2a8  _Snan                                                         
2001d37c  _Tls_setup__Fenv                                              
2001d2c8  _Xbig                                                         
20007fb5  _Z10BUTTON_ISRv                                               
2000840b  _Z12ConfigureLEDR13PinDefinitionh                             
20008639  _Z15UpdateDutyCyclemmh                                        
200073f5  _Z17BluetoothReadTaskPv                                       
20008655  _Z17SetupTimerPWMModemmmh                                     
20007e89  _Z18CHECK_PROCESS_FIREP20BUTTON_DEBOUNCE_CTRLR12ButtonSTATUS  
2000869b  _Z18initializePWMClockv                                       
20007d71  _Z20BUTTON_DEBOUNCE_TASKPv                                    
2000a063  _Z21__default_new_handlerv                                    
20007521  _Z22BluetoothATRequestTaskPv                                  
2000871b  _Z22initializeLEDBoardPinsv                                   
2000757b  _Z23BluetoothPowerCycleTaskPv                                 
20007333  _Z25BlueToothInterruptHandlerv                                
200075ad  _Z27BluetoothProcessATReplyTaskPv                             
2000b7c3  _ZN12ButtonDriver11pressButtonEv                              
2000b375  _ZN12ButtonDriver14getButtonStateEv                           
2000825f  _ZN12ButtonDriver15enableInterruptEv                          
20008241  _ZN12ButtonDriver16disableInterruptEv                         
200080f7  _ZN12ButtonDriver16setGPIOPinNumberEh                         
20008295  _ZN12ButtonDriver17configureDebounceEjRK20BUTTON_DEBOUNCE_CTRL
200081eb  _ZN12ButtonDriver18configureInterruptEPFvvEh                  
2000bb63  _ZN12ButtonDriver18registerButtonFuncEPFvRK12ButtonSTATUSRKbE 
2000819f  _ZN12ButtonDriverC1Eh                                         
2000819f  _ZN12ButtonDriverC2Eh                                         
200082d3  _ZN12ButtonDriverD1Ev                                         
200082d3  _ZN12ButtonDriverD2Ev                                         
2000b3e9  _ZN13PinDefinitionC1Ev                                        
200079ad  _ZN14HC_05Bluetooth10getCommandE16HC_05_AT_COMMANDt           
20007981  _ZN14HC_05Bluetooth10powerCycleEv                             
20007929  _ZN14HC_05Bluetooth10setPowerOnEb                             
200078cb  _ZN14HC_05Bluetooth11sendMessageEPKcj                         
20007a1d  _ZN14HC_05Bluetooth11setLiveModeEv                            
20007a69  _ZN14HC_05Bluetooth12setOtherModeEv                           
2000bb87  _ZN14HC_05Bluetooth13isTransferingEv                          
20007845  _ZN14HC_05Bluetooth17enterTransferModeEv                      
20007a81  _ZN14HC_05Bluetooth17waitForModeChangeEv                      
200077e1  _ZN14HC_05Bluetooth18enterConfigureModeEv                     
2000775b  _ZN14HC_05Bluetooth21configureDMATransfersEb                  
2000790d  _ZN14HC_05Bluetooth24processATCommandResponseEPci             
200077a1  _ZN14HC_05Bluetooth6enableEv                                  
200077bf  _ZN14HC_05Bluetooth7disableEv                                 
20007769  _ZN14HC_05Bluetooth9enableDMAEv                               
20007665  _ZN14HC_05BluetoothC1Ehmhmhmhm                                
20007665  _ZN14HC_05BluetoothC2Ehmhmhmhm                                
20007ab5  _ZN14HC_05BluetoothD1Ev                                       
20007ab5  _ZN14HC_05BluetoothD2Ev                                       
2000b759  _ZN20BLUETOOTH_AT_REQUESTC1Et16HC_05_AT_COMMAND               
2000b3af  _ZN20BUTTON_DEBOUNCE_CTRLC1Ev                                 
2000bbeb  _ZdlPv                                                        
2001d2d0  _Zero                                                         
2000b559  _Znwj                                                         
20030000  __STACK_END                                                   
00000100  __STACK_SIZE                                                  
00004000  __SYSMEM_SIZE                                                 
2000c108  __TI_CINIT_Base                                               
2000c118  __TI_CINIT_Limit                                              
2000c0f0  __TI_Handler_Table_Base                                       
2000c0fc  __TI_Handler_Table_Limit                                      
2000acf1  __TI_auto_init                                                
2001d370  __TI_cleanup_ptr                                              
2000bb95  __TI_decompress_none                                          
2000bbf9  __TI_decompress_rle24                                         
2001d374  __TI_dtors_ptr                                                
200063f9  __TI_printfi                                                  
2000bfb8  __TI_static_base__                                            
2000bbb1  __TI_zero_init                                                
2000a3d7  __aeabi_atexit                                                
2000aa71  __aeabi_cdcmpeq                                               
2000aa71  __aeabi_cdcmple                                               
2000aaf7  __aeabi_cdrcmple                                              
2000b129  __aeabi_d2iz                                                  
200099c3  __aeabi_dadd                                                  
20009ccf  __aeabi_ddiv                                                  
2000a285  __aeabi_dmul                                                  
200099b9  __aeabi_dsub                                                  
2000b5b9  __aeabi_i2d                                                   
2000abff  __aeabi_memclr                                                
2000abff  __aeabi_memclr4                                               
2000abff  __aeabi_memclr8                                               
2000a831  __aeabi_memcpy                                                
2000a831  __aeabi_memcpy4                                               
2000a831  __aeabi_memcpy8                                               
2000ac01  __aeabi_memset                                                
2000ac01  __aeabi_memset4                                               
2000ac01  __aeabi_memset8                                               
200097c5  __aeabi_uldivmod                                              
ffffffff  __binit__                                                     
ffffffff  __c_args__                                                    
2000a41b  __cxa_atexit                                                  
2000a381  __cxa_finalize                                                
2000a3c3  __cxa_ia64_exit                                               
2001d0fc  __dso_handle                                                  
2002ff00  __stack                                                       
20008879  __sti___8_main_cpp_31db2cd6                                   
2000ba11  _args_main                                                    
2000b2fd  _c_int00                                                      
2000bc04  _ctypes_                                                      
2001d368  _lock                                                         
2001d38c  _new_handler                                                  
2000bb0f  _nop                                                          
2000bb07  _register_lock                                                
2000bb01  _register_unlock                                              
20017000  _sys_memory                                                   
2000bbff  _system_pre_init                                              
2001d36c  _unlock                                                       
2000b201  abort                                                         
2000a3c9  atexit                                                        
2000affd  atoi                                                          
ffffffff  binit                                                         
20009325  calloc                                                        
2000b049  copy_in                                                       
20004691  eTaskGetState                                                 
2000b209  exit                                                          
2000b4c5  feraiseexcept                                                 
20009073  free                                                          
2000b7e5  frexp                                                         
2001d32c  g_iCounter                                                    
20004000  g_pfnVectors                                                  
2001c9b8  gfpAppCallbackHndl                                            
2001cc00  gpCtlTbl                                                      
2001d10e  iDone                                                         
2000b171  ldexp                                                         
20009bed  ledFill                                                       
20009ba9  ledSet                                                        
20009b6f  ledSetColor                                                   
2000afa5  ltoa                                                          
20008769  main                                                          
2001d388  main_func_sp                                                  
2000900b  malloc                                                        
20009241  memalign                                                      
2000b8c1  memccpy                                                       
2000a831  memcpy                                                        
2000b77d  memmove                                                       
2000ac07  memset                                                        
20008f7d  minit                                                         
20004bb5  pcTaskGetTaskName                                             
2000a6d9  portCLZ                                                       
2000a6c1  prvPortStartFirstTask                                         
2000b421  pvPortMalloc                                                  
2001d2d8  pxCurrentTCB                                                  
2000a065  pxPortInitialiseStack                                         
2000b5e7  raise                                                         
20009135  realloc                                                       
2000b281  signal                                                        
2000ba97  strchr                                                        
2000bb15  strlen                                                        
2000b095  uDMAChannelAssign                                             
2000ae2d  uDMAChannelAttributeDisable                                   
2000ae91  uDMAChannelAttributeEnable                                    
2000b339  uDMAChannelControlSet                                         
2000b8dd  uDMAChannelDisable                                            
2000b8f9  uDMAChannelEnable                                             
2000b915  uDMAChannelRequest                                            
2000a475  uDMAChannelTransferSet                                        
2000bb29  uDMAControlBaseSet                                            
2000bbbd  uDMADisable                                                   
2000bbc9  uDMAEnable                                                    
2000bb3d  uDMAIntClear                                                  
2000baad  uDMAIntRegister                                               
2000bbd5  uDMAIntStatus                                                 
2000bb75  uDMAIntUnregister                                             
20006e81  ucQueueGetQueueType                                           
2000a629  ulPortSetInterruptMask                                        
2000a01b  uxListRemove                                                  
20006e61  uxQueueGetQueueNumber                                         
20006df5  uxQueueMessagesWaiting                                        
20006e2b  uxQueueMessagesWaitingFromISR                                 
20006e0b  uxQueueSpacesAvailable                                        
20004ba9  uxTaskGetNumberOfTasks                                        
20004bd9  uxTaskGetSystemState                                          
200050c9  uxTaskGetTaskNumber                                           
20004725  uxTaskPriorityGet                                             
20005621  uxTaskResetEventItemValue                                     
20008469  vApplicationIdleHook                                          
20008629  vApplicationMallocFailedHook                                  
2000862b  vApplicationStackOverflowHook                                 
2000845f  vAssertCalled                                                 
20009f39  vListInitialise                                               
20009f69  vListInitialiseItem                                           
20009fb5  vListInsert                                                   
20009f79  vListInsertEnd                                                
2000a63f  vPortClearInterruptMask                                       
2000a0e1  vPortEndScheduler                                             
2000a0f5  vPortEnterCritical                                            
2000a10d  vPortExitCritical                                             
2000b441  vPortFree                                                     
2000a699  vPortSVCHandler                                               
2000a141  vPortSetupTimerInterrupt                                      
2000a0e3  vPortYield                                                    
2000709b  vQueueAddToRegistry                                           
20006e3d  vQueueDelete                                                  
20006e6f  vQueueSetQueueNumber                                          
200070dd  vQueueUnregisterQueue                                         
2000463b  vTaskDelay                                                    
2000459f  vTaskDelayUntil                                               
2000450f  vTaskDelete                                                   
20004a8d  vTaskEndScheduler                                             
200050bb  vTaskMissedYield                                              
20004e51  vTaskPlaceOnEventList                                         
20004eb5  vTaskPlaceOnUnorderedEventList                                
20005597  vTaskPriorityDisinherit                                       
200054dd  vTaskPriorityInherit                                          
2000475d  vTaskPrioritySet                                              
20004955  vTaskResume                                                   
200050e9  vTaskSetTaskNumber                                            
2000501b  vTaskSetTimeOutState                                          
20004a43  vTaskStartScheduler                                           
20004861  vTaskSuspend                                                  
20004a9f  vTaskSuspendAll                                               
20004dd1  vTaskSwitchContext                                            
2000a9e9  vsnprintf                                                     
2000a64d  xPortPendSVHandler                                            
2000a0b5  xPortStartScheduler                                           
2000a125  xPortSysTickHandler                                           
2000712b  xQueueAddToSet                                                
20006a5d  xQueueAltGenericReceive                                       
200069b1  xQueueAltGenericSend                                          
20006885  xQueueCreateCountingSemaphore                                 
20006807  xQueueCreateMutex                                             
20007117  xQueueCreateSet                                               
20006791  xQueueGenericCreate                                           
20006bf7  xQueueGenericReceive                                          
20006701  xQueueGenericReset                                            
200068a5  xQueueGenericSend                                             
20006b5b  xQueueGenericSendFromISR                                      
20007037  xQueueIsQueueEmptyFromISR                                     
20007079  xQueueIsQueueFullFromISR                                      
20006db1  xQueuePeekFromISR                                             
20006d39  xQueueReceiveFromISR                                          
2001cb80  xQueueRegistry                                                
2000715f  xQueueRemoveFromSet                                           
200071a1  xQueueSelectFromSet                                           
200071bb  xQueueSelectFromSetFromISR                                    
20005041  xTaskCheckForTimeOut                                          
20004401  xTaskGenericCreate                                            
20005491  xTaskGetCurrentTaskHandle                                     
20004c97  xTaskGetIdleTaskHandle                                        
200054a5  xTaskGetSchedulerState                                        
20004b7d  xTaskGetTickCount                                             
20004b91  xTaskGetTickCountFromISR                                      
20004cb5  xTaskIncrementTick                                            
20004f25  xTaskRemoveFromEventList                                      
20004fad  xTaskRemoveFromUnorderedEventList                             
20004ab1  xTaskResumeAll                                                
200049c9  xTaskResumeFromISR                                            


GLOBAL SYMBOLS: SORTED BY Symbol Address 

address   name                                                          
-------   ----                                                          
00000100  __STACK_SIZE                                                  
00004000  __SYSMEM_SIZE                                                 
20004000  g_pfnVectors                                                  
20004401  xTaskGenericCreate                                            
2000450f  vTaskDelete                                                   
2000459f  vTaskDelayUntil                                               
2000463b  vTaskDelay                                                    
20004691  eTaskGetState                                                 
20004725  uxTaskPriorityGet                                             
2000475d  vTaskPrioritySet                                              
20004861  vTaskSuspend                                                  
20004955  vTaskResume                                                   
200049c9  xTaskResumeFromISR                                            
20004a43  vTaskStartScheduler                                           
20004a8d  vTaskEndScheduler                                             
20004a9f  vTaskSuspendAll                                               
20004ab1  xTaskResumeAll                                                
20004b7d  xTaskGetTickCount                                             
20004b91  xTaskGetTickCountFromISR                                      
20004ba9  uxTaskGetNumberOfTasks                                        
20004bb5  pcTaskGetTaskName                                             
20004bd9  uxTaskGetSystemState                                          
20004c97  xTaskGetIdleTaskHandle                                        
20004cb5  xTaskIncrementTick                                            
20004dd1  vTaskSwitchContext                                            
20004e51  vTaskPlaceOnEventList                                         
20004eb5  vTaskPlaceOnUnorderedEventList                                
20004f25  xTaskRemoveFromEventList                                      
20004fad  xTaskRemoveFromUnorderedEventList                             
2000501b  vTaskSetTimeOutState                                          
20005041  xTaskCheckForTimeOut                                          
200050bb  vTaskMissedYield                                              
200050c9  uxTaskGetTaskNumber                                           
200050e9  vTaskSetTaskNumber                                            
20005491  xTaskGetCurrentTaskHandle                                     
200054a5  xTaskGetSchedulerState                                        
200054dd  vTaskPriorityInherit                                          
20005597  vTaskPriorityDisinherit                                       
20005621  uxTaskResetEventItemValue                                     
200063f9  __TI_printfi                                                  
20006701  xQueueGenericReset                                            
20006791  xQueueGenericCreate                                           
20006807  xQueueCreateMutex                                             
20006885  xQueueCreateCountingSemaphore                                 
200068a5  xQueueGenericSend                                             
200069b1  xQueueAltGenericSend                                          
20006a5d  xQueueAltGenericReceive                                       
20006b5b  xQueueGenericSendFromISR                                      
20006bf7  xQueueGenericReceive                                          
20006d39  xQueueReceiveFromISR                                          
20006db1  xQueuePeekFromISR                                             
20006df5  uxQueueMessagesWaiting                                        
20006e0b  uxQueueSpacesAvailable                                        
20006e2b  uxQueueMessagesWaitingFromISR                                 
20006e3d  vQueueDelete                                                  
20006e61  uxQueueGetQueueNumber                                         
20006e6f  vQueueSetQueueNumber                                          
20006e81  ucQueueGetQueueType                                           
20007037  xQueueIsQueueEmptyFromISR                                     
20007079  xQueueIsQueueFullFromISR                                      
2000709b  vQueueAddToRegistry                                           
200070dd  vQueueUnregisterQueue                                         
20007117  xQueueCreateSet                                               
2000712b  xQueueAddToSet                                                
2000715f  xQueueRemoveFromSet                                           
200071a1  xQueueSelectFromSet                                           
200071bb  xQueueSelectFromSetFromISR                                    
20007333  _Z25BlueToothInterruptHandlerv                                
200073f5  _Z17BluetoothReadTaskPv                                       
20007521  _Z22BluetoothATRequestTaskPv                                  
2000757b  _Z23BluetoothPowerCycleTaskPv                                 
200075ad  _Z27BluetoothProcessATReplyTaskPv                             
20007665  _ZN14HC_05BluetoothC1Ehmhmhmhm                                
20007665  _ZN14HC_05BluetoothC2Ehmhmhmhm                                
2000775b  _ZN14HC_05Bluetooth21configureDMATransfersEb                  
20007769  _ZN14HC_05Bluetooth9enableDMAEv                               
200077a1  _ZN14HC_05Bluetooth6enableEv                                  
200077bf  _ZN14HC_05Bluetooth7disableEv                                 
200077e1  _ZN14HC_05Bluetooth18enterConfigureModeEv                     
20007845  _ZN14HC_05Bluetooth17enterTransferModeEv                      
200078cb  _ZN14HC_05Bluetooth11sendMessageEPKcj                         
2000790d  _ZN14HC_05Bluetooth24processATCommandResponseEPci             
20007929  _ZN14HC_05Bluetooth10setPowerOnEb                             
20007981  _ZN14HC_05Bluetooth10powerCycleEv                             
200079ad  _ZN14HC_05Bluetooth10getCommandE16HC_05_AT_COMMANDt           
20007a1d  _ZN14HC_05Bluetooth11setLiveModeEv                            
20007a69  _ZN14HC_05Bluetooth12setOtherModeEv                           
20007a81  _ZN14HC_05Bluetooth17waitForModeChangeEv                      
20007ab5  _ZN14HC_05BluetoothD1Ev                                       
20007ab5  _ZN14HC_05BluetoothD2Ev                                       
20007d71  _Z20BUTTON_DEBOUNCE_TASKPv                                    
20007e89  _Z18CHECK_PROCESS_FIREP20BUTTON_DEBOUNCE_CTRLR12ButtonSTATUS  
20007fb5  _Z10BUTTON_ISRv                                               
200080f7  _ZN12ButtonDriver16setGPIOPinNumberEh                         
2000819f  _ZN12ButtonDriverC1Eh                                         
2000819f  _ZN12ButtonDriverC2Eh                                         
200081eb  _ZN12ButtonDriver18configureInterruptEPFvvEh                  
20008241  _ZN12ButtonDriver16disableInterruptEv                         
2000825f  _ZN12ButtonDriver15enableInterruptEv                          
20008295  _ZN12ButtonDriver17configureDebounceEjRK20BUTTON_DEBOUNCE_CTRL
200082d3  _ZN12ButtonDriverD1Ev                                         
200082d3  _ZN12ButtonDriverD2Ev                                         
2000840b  _Z12ConfigureLEDR13PinDefinitionh                             
2000845f  vAssertCalled                                                 
20008469  vApplicationIdleHook                                          
20008629  vApplicationMallocFailedHook                                  
2000862b  vApplicationStackOverflowHook                                 
20008639  _Z15UpdateDutyCyclemmh                                        
20008655  _Z17SetupTimerPWMModemmmh                                     
2000869b  _Z18initializePWMClockv                                       
2000871b  _Z22initializeLEDBoardPinsv                                   
20008769  main                                                          
20008879  __sti___8_main_cpp_31db2cd6                                   
20008971  DisplayCurrentImageRGB                                        
20008baf  DisplayCurrentImageBCM                                        
20008dc1  ConfigureDisplayDriver                                        
20008e41  ConfigLEDPins                                                 
20008f7d  minit                                                         
2000900b  malloc                                                        
20009073  free                                                          
20009135  realloc                                                       
20009241  memalign                                                      
20009325  calloc                                                        
20009359  InitTerm                                                      
20009377  Message                                                       
20009399  ClearTerm                                                     
200093a3  Error                                                         
200093db  GetCmd                                                        
2000946d  TrimSpace                                                     
20009505  Report                                                        
200095c5  DmaSwIntHandler                                               
200095db  DmaErrorIntHandler                                            
200095e7  UDMAInit                                                      
2000963f  UDMAChannelSelect                                             
2000966d  SetupTransfer                                                 
200096b1  UDMASetupAutoMemTransfer                                      
200096e5  UDMASetupPingPongTransfer                                     
2000973f  UDMAStartTransfer                                             
2000974b  UDMAStopTransfer                                              
20009757  UDMADeInit                                                    
2000976b  DMASetupTransfer                                              
200097c5  __aeabi_uldivmod                                              
200099b9  __aeabi_dsub                                                  
200099c3  __aeabi_dadd                                                  
20009b6f  ledSetColor                                                   
20009ba9  ledSet                                                        
20009bed  ledFill                                                       
20009c5f  FillColor                                                     
20009ccf  __aeabi_ddiv                                                  
20009e05  PRCMCC3200MCUInit                                             
20009f39  vListInitialise                                               
20009f69  vListInitialiseItem                                           
20009f79  vListInsertEnd                                                
20009fb5  vListInsert                                                   
2000a01b  uxListRemove                                                  
2000a063  _Z21__default_new_handlerv                                    
2000a065  pxPortInitialiseStack                                         
2000a0b5  xPortStartScheduler                                           
2000a0e1  vPortEndScheduler                                             
2000a0e3  vPortYield                                                    
2000a0f5  vPortEnterCritical                                            
2000a10d  vPortExitCritical                                             
2000a125  xPortSysTickHandler                                           
2000a141  vPortSetupTimerInterrupt                                      
2000a175  _Dscale                                                       
2000a285  __aeabi_dmul                                                  
2000a381  __cxa_finalize                                                
2000a3c3  __cxa_ia64_exit                                               
2000a3c9  atexit                                                        
2000a3d7  __aeabi_atexit                                                
2000a41b  __cxa_atexit                                                  
2000a475  uDMAChannelTransferSet                                        
2000a565  _Dnorm                                                        
2000a629  ulPortSetInterruptMask                                        
2000a63f  vPortClearInterruptMask                                       
2000a64d  xPortPendSVHandler                                            
2000a699  vPortSVCHandler                                               
2000a6c1  prvPortStartFirstTask                                         
2000a6d9  portCLZ                                                       
2000a6e1  IntDisable                                                    
2000a789  IntEnable                                                     
2000a831  __aeabi_memcpy                                                
2000a831  __aeabi_memcpy4                                               
2000a831  __aeabi_memcpy8                                               
2000a831  memcpy                                                        
2000a8cd  PRCMPeripheralClockGet                                        
2000a961  PinConfigSet                                                  
2000a9e9  vsnprintf                                                     
2000aa71  __aeabi_cdcmpeq                                               
2000aa71  __aeabi_cdcmple                                               
2000aaf7  __aeabi_cdrcmple                                              
2000ab7d  GPIOIntTypeSet                                                
2000abff  __aeabi_memclr                                                
2000abff  __aeabi_memclr4                                               
2000abff  __aeabi_memclr8                                               
2000ac01  __aeabi_memset                                                
2000ac01  __aeabi_memset4                                               
2000ac01  __aeabi_memset8                                               
2000ac07  memset                                                        
2000ac79  UARTConfigSetExpClk                                           
2000acf1  __TI_auto_init                                                
2000adc7  _Dunscale                                                     
2000ae2d  uDMAChannelAttributeDisable                                   
2000ae91  uDMAChannelAttributeEnable                                    
2000aef5  IntPendClear                                                  
2000af4d  PRCMPeripheralReset                                           
2000afa5  ltoa                                                          
2000affd  atoi                                                          
2000b049  copy_in                                                       
2000b095  uDMAChannelAssign                                             
2000b129  __aeabi_d2iz                                                  
2000b171  ldexp                                                         
2000b1b9  TimerConfigure                                                
2000b1fd  C$$EXIT                                                       
2000b201  abort                                                         
2000b209  exit                                                          
2000b241  PinModeSet                                                    
2000b281  signal                                                        
2000b2c1  PRCMPeripheralClkEnable                                       
2000b2fd  _c_int00                                                      
2000b339  uDMAChannelControlSet                                         
2000b375  _ZN12ButtonDriver14getButtonStateEv                           
2000b3af  _ZN20BUTTON_DEBOUNCE_CTRLC1Ev                                 
2000b3e9  _ZN13PinDefinitionC1Ev                                        
2000b421  pvPortMalloc                                                  
2000b441  vPortFree                                                     
2000b459  GPIODirModeSet                                                
2000b48f  TimerControlLevel                                             
2000b4c5  feraiseexcept                                                 
2000b4f9  PinTypeGPIO                                                   
2000b529  UARTDisable                                                   
2000b559  _Znwj                                                         
2000b589  _Feraise                                                      
2000b5b9  __aeabi_i2d                                                   
2000b5e7  raise                                                         
2000b615  PRCMSysResetCauseGet                                          
2000b641  TimerLoadSet                                                  
2000b66b  TimerMatchSet                                                 
2000b695  TimerPrescaleSet                                              
2000b6bf  _Dclass                                                       
2000b6e9  PRCMPeripheralClkDisable                                      
2000b711  IntUnregister                                                 
2000b735  UARTEnable                                                    
2000b759  _ZN20BLUETOOTH_AT_REQUESTC1Et16HC_05_AT_COMMAND               
2000b77d  memmove                                                       
2000b7a1  GPIOIntStatus                                                 
2000b7c3  _ZN12ButtonDriver11pressButtonEv                              
2000b7e5  frexp                                                         
2000b807  GPIOPinWrite                                                  
2000b829  IntRegister                                                   
2000b849  GPIOIntRegister                                               
2000b867  TimerEnable                                                   
2000b885  UARTCharPut                                                   
2000b8a3  UARTIntStatus                                                 
2000b8c1  memccpy                                                       
2000b8dd  uDMAChannelDisable                                            
2000b8f9  uDMAChannelEnable                                             
2000b915  uDMAChannelRequest                                            
2000b931  GPIOIntDisable                                                
2000b94b  GPIOIntEnable                                                 
2000b965  PinTypeTimer                                                  
2000b97f  PinTypeUART                                                   
2000b999  GPIOPinRead                                                   
2000b9b1  UARTCharsAvail                                                
2000b9c9  UARTDMAEnable                                                 
2000b9e1  UARTFIFOLevelSet                                              
2000b9f9  UARTIntEnable                                                 
2000ba11  _args_main                                                    
2000ba29  PRCMHIBRegRead                                                
2000ba3f  PRCMHIBRegWrite                                               
2000ba55  UARTCharGet                                                   
2000ba6b  UARTFIFODisable                                               
2000ba81  UARTFIFOEnable                                                
2000ba97  strchr                                                        
2000baad  uDMAIntRegister                                               
2000bac3  CPUcpsie                                                      
2000bad7  GPIOIntClear                                                  
2000baed  IntVTableBaseSet                                              
2000bb01  _register_unlock                                              
2000bb07  _register_lock                                                
2000bb0f  _nop                                                          
2000bb15  strlen                                                        
2000bb29  uDMAControlBaseSet                                            
2000bb3d  uDMAIntClear                                                  
2000bb51  UARTIntClear                                                  
2000bb63  _ZN12ButtonDriver18registerButtonFuncEPFvRK12ButtonSTATUSRKbE 
2000bb75  uDMAIntUnregister                                             
2000bb87  _ZN14HC_05Bluetooth13isTransferingEv                          
2000bb95  __TI_decompress_none                                          
2000bba3  ResetISR                                                      
2000bbb1  __TI_zero_init                                                
2000bbbd  uDMADisable                                                   
2000bbc9  uDMAEnable                                                    
2000bbd5  uDMAIntStatus                                                 
2000bbe1  IntMasterEnable                                               
2000bbeb  _ZdlPv                                                        
2000bbf3  UtilsDelay                                                    
2000bbf9  __TI_decompress_rle24                                         
2000bbff  _system_pre_init                                              
2000bc04  _ctypes_                                                      
2000bfb4  SHT$$INIT_ARRAY$$Base                                         
2000bfb8  SHT$$INIT_ARRAY$$Limit                                        
2000bfb8  __TI_static_base__                                            
2000c0f0  __TI_Handler_Table_Base                                       
2000c0fc  __TI_Handler_Table_Limit                                      
2000c108  __TI_CINIT_Base                                               
2000c118  __TI_CINIT_Limit                                              
20017000  _sys_memory                                                   
2001c88c  RXDATABUFF                                                    
2001c9b8  gfpAppCallbackHndl                                            
2001cb80  xQueueRegistry                                                
2001cbf8  BLANK_PORT_ADDR                                               
2001cbfc  BLUETOOTH_CMD_READ_HNDLE                                      
2001cc00  gpCtlTbl                                                      
2001d08c  Button1_Debounce                                              
2001d098  Button2_Debounce                                              
2001d0e0  BLUETOOTH_READ_HNDLE                                          
2001d0e4  Button1_PTR                                                   
2001d0e8  Button2_PTR                                                   
2001d0ec  CURRENT_MESSAGE                                               
2001d0f0  FOTON_BLUETOOTH                                               
2001d0f4  FOTON_LED_BOARD                                               
2001d0fc  __dso_handle                                                  
2001d10c  BLANK_PIN_ADDR                                                
2001d10d  BLANK_PIN_NUM                                                 
2001d10e  iDone                                                         
2001d1c0  COMMAND_STR_TABLE                                             
2001d258  _Denorm                                                       
2001d268  _Eps                                                          
2001d278  _Hugeval                                                      
2001d288  _Inf                                                          
2001d298  _Nan                                                          
2001d2a8  _Snan                                                         
2001d2b8  _Rteps                                                        
2001d2c8  _Xbig                                                         
2001d2d0  _Zero                                                         
2001d2d8  pxCurrentTCB                                                  
2001d320  YELLOW_LEDPTR                                                 
2001d324  RED_LEDPTR                                                    
2001d328  GREEN_LEDPTR                                                  
2001d32c  g_iCounter                                                    
2001d344  AT_COMMAND_QUEUE                                              
2001d368  _lock                                                         
2001d36c  _unlock                                                       
2001d370  __TI_cleanup_ptr                                              
2001d374  __TI_dtors_ptr                                                
2001d378  _Fenv                                                         
2001d37c  _Tls_setup__Fenv                                              
2001d384  _Errno                                                        
2001d388  main_func_sp                                                  
2001d38c  _new_handler                                                  
2002ff00  __stack                                                       
20030000  __STACK_END                                                   
ffffffff  __binit__                                                     
ffffffff  __c_args__                                                    
ffffffff  binit                                                         

[356 symbols]
