<?xml version="1.0"?>
<link_info>
   <banner>TI ARM Linker PC v5.2.0</banner>
   <copyright>Copyright (c) 1996-2014 Texas Instruments Incorporated</copyright>
   <link_time>0x555935fd</link_time>
   <link_errors>0x0</link_errors>
   <output_file>Foton.out</output_file>
   <entry_point>
      <name>_c_int00</name>
      <address>0x2000b2fd</address>
   </entry_point>
   <input_file_list>
      <input_file id="fl-2">
         <path>.\</path>
         <kind>object</kind>
         <file>ButtonDriver.obj</file>
         <name>ButtonDriver.obj</name>
      </input_file>
      <input_file id="fl-3">
         <path>.\</path>
         <kind>object</kind>
         <file>ButtonFunctions.obj</file>
         <name>ButtonFunctions.obj</name>
      </input_file>
      <input_file id="fl-4">
         <path>.\</path>
         <kind>object</kind>
         <file>DisplayDriver.obj</file>
         <name>DisplayDriver.obj</name>
      </input_file>
      <input_file id="fl-5">
         <path>.\</path>
         <kind>object</kind>
         <file>FotonCommDevice.obj</file>
         <name>FotonCommDevice.obj</name>
      </input_file>
      <input_file id="fl-6">
         <path>.\</path>
         <kind>object</kind>
         <file>GenerateImage.obj</file>
         <name>GenerateImage.obj</name>
      </input_file>
      <input_file id="fl-7">
         <path>.\</path>
         <kind>object</kind>
         <file>HC-05driver.obj</file>
         <name>HC-05driver.obj</name>
      </input_file>
      <input_file id="fl-8">
         <path>.\</path>
         <kind>object</kind>
         <file>gpio_if.obj</file>
         <name>gpio_if.obj</name>
      </input_file>
      <input_file id="fl-9">
         <path>.\</path>
         <kind>object</kind>
         <file>main.obj</file>
         <name>main.obj</name>
      </input_file>
      <input_file id="fl-a">
         <path>.\</path>
         <kind>object</kind>
         <file>pin_mux.obj</file>
         <name>pin_mux.obj</name>
      </input_file>
      <input_file id="fl-b">
         <path>.\</path>
         <kind>object</kind>
         <file>startup_ccs.obj</file>
         <name>startup_ccs.obj</name>
      </input_file>
      <input_file id="fl-c">
         <path>.\</path>
         <kind>object</kind>
         <file>uart_if.obj</file>
         <name>uart_if.obj</name>
      </input_file>
      <input_file id="fl-d">
         <path>.\</path>
         <kind>object</kind>
         <file>udma_if.obj</file>
         <name>udma_if.obj</name>
      </input_file>
      <input_file id="fl-135">
         <path>C:\ti\ccsv6\tools\compiler\ti-cgt-arm_5.2.0\lib\</path>
         <kind>archive</kind>
         <file>rtsv7M4_T_le_eabi.lib</file>
         <name>boot.obj</name>
      </input_file>
      <input_file id="fl-136">
         <path>C:\ti\ccsv6\tools\compiler\ti-cgt-arm_5.2.0\lib\</path>
         <kind>archive</kind>
         <file>rtsv7M4_T_le_eabi.lib</file>
         <name>copy_decompress_none.obj</name>
      </input_file>
      <input_file id="fl-137">
         <path>C:\ti\ccsv6\tools\compiler\ti-cgt-arm_5.2.0\lib\</path>
         <kind>archive</kind>
         <file>rtsv7M4_T_le_eabi.lib</file>
         <name>copy_decompress_rle.obj</name>
      </input_file>
      <input_file id="fl-138">
         <path>C:\ti\ccsv6\tools\compiler\ti-cgt-arm_5.2.0\lib\</path>
         <kind>archive</kind>
         <file>rtsv7M4_T_le_eabi.lib</file>
         <name>copy_zero_init.obj</name>
      </input_file>
      <input_file id="fl-139">
         <path>C:\ti\ccsv6\tools\compiler\ti-cgt-arm_5.2.0\lib\</path>
         <kind>archive</kind>
         <file>rtsv7M4_T_le_eabi.lib</file>
         <name>delete.obj</name>
      </input_file>
      <input_file id="fl-13a">
         <path>C:\ti\ccsv6\tools\compiler\ti-cgt-arm_5.2.0\lib\</path>
         <kind>archive</kind>
         <file>rtsv7M4_T_le_eabi.lib</file>
         <name>dtor_list.obj</name>
      </input_file>
      <input_file id="fl-13b">
         <path>C:\ti\ccsv6\tools\compiler\ti-cgt-arm_5.2.0\lib\</path>
         <kind>archive</kind>
         <file>rtsv7M4_T_le_eabi.lib</file>
         <name>exit.obj</name>
      </input_file>
      <input_file id="fl-13c">
         <path>C:\ti\ccsv6\tools\compiler\ti-cgt-arm_5.2.0\lib\</path>
         <kind>archive</kind>
         <file>rtsv7M4_T_le_eabi.lib</file>
         <name>memcpy_t2.obj</name>
      </input_file>
      <input_file id="fl-13d">
         <path>C:\ti\ccsv6\tools\compiler\ti-cgt-arm_5.2.0\lib\</path>
         <kind>archive</kind>
         <file>rtsv7M4_T_le_eabi.lib</file>
         <name>memmov.obj</name>
      </input_file>
      <input_file id="fl-13e">
         <path>C:\ti\ccsv6\tools\compiler\ti-cgt-arm_5.2.0\lib\</path>
         <kind>archive</kind>
         <file>rtsv7M4_T_le_eabi.lib</file>
         <name>memory.obj</name>
      </input_file>
      <input_file id="fl-13f">
         <path>C:\ti\ccsv6\tools\compiler\ti-cgt-arm_5.2.0\lib\</path>
         <kind>archive</kind>
         <file>rtsv7M4_T_le_eabi.lib</file>
         <name>memset_t2.obj</name>
      </input_file>
      <input_file id="fl-140">
         <path>C:\ti\ccsv6\tools\compiler\ti-cgt-arm_5.2.0\lib\</path>
         <kind>archive</kind>
         <file>rtsv7M4_T_le_eabi.lib</file>
         <name>new_.obj</name>
      </input_file>
      <input_file id="fl-141">
         <path>C:\ti\ccsv6\tools\compiler\ti-cgt-arm_5.2.0\lib\</path>
         <kind>archive</kind>
         <file>rtsv7M4_T_le_eabi.lib</file>
         <name>newhandler.obj</name>
      </input_file>
      <input_file id="fl-142">
         <path>C:\ti\ccsv6\tools\compiler\ti-cgt-arm_5.2.0\lib\</path>
         <kind>archive</kind>
         <file>rtsv7M4_T_le_eabi.lib</file>
         <name>pre_init.obj</name>
      </input_file>
      <input_file id="fl-143">
         <path>C:\ti\ccsv6\tools\compiler\ti-cgt-arm_5.2.0\lib\</path>
         <kind>archive</kind>
         <file>rtsv7M4_T_le_eabi.lib</file>
         <name>stkdepth_vars.obj</name>
      </input_file>
      <input_file id="fl-144">
         <path>C:\ti\ccsv6\tools\compiler\ti-cgt-arm_5.2.0\lib\</path>
         <kind>archive</kind>
         <file>rtsv7M4_T_le_eabi.lib</file>
         <name>strlen.obj</name>
      </input_file>
      <input_file id="fl-145">
         <path>C:\ti\ccsv6\tools\compiler\ti-cgt-arm_5.2.0\lib\</path>
         <kind>archive</kind>
         <file>rtsv7M4_T_le_eabi.lib</file>
         <name>typeinfo_.obj</name>
      </input_file>
      <input_file id="fl-146">
         <path>C:\ti\ccsv6\tools\compiler\ti-cgt-arm_5.2.0\lib\</path>
         <kind>archive</kind>
         <file>rtsv7M4_T_le_eabi.lib</file>
         <name>vars.obj</name>
      </input_file>
      <input_file id="fl-147">
         <path>C:\ti\ccsv6\tools\compiler\ti-cgt-arm_5.2.0\lib\</path>
         <kind>archive</kind>
         <file>rtsv7M4_T_le_eabi.lib</file>
         <name>vsnprintf.obj</name>
      </input_file>
      <input_file id="fl-148">
         <path>C:\ti\ccsv6\tools\compiler\ti-cgt-arm_5.2.0\lib\</path>
         <kind>archive</kind>
         <file>rtsv7M4_T_le_eabi.lib</file>
         <name>_lock.obj</name>
      </input_file>
      <input_file id="fl-149">
         <path>C:\ti\ccsv6\tools\compiler\ti-cgt-arm_5.2.0\lib\</path>
         <kind>archive</kind>
         <file>rtsv7M4_T_le_eabi.lib</file>
         <name>_printfi.obj</name>
      </input_file>
      <input_file id="fl-14a">
         <path>C:\ti\ccsv6\tools\compiler\ti-cgt-arm_5.2.0\lib\</path>
         <kind>archive</kind>
         <file>rtsv7M4_T_le_eabi.lib</file>
         <name>args_main.obj</name>
      </input_file>
      <input_file id="fl-14b">
         <path>C:\ti\ccsv6\tools\compiler\ti-cgt-arm_5.2.0\lib\</path>
         <kind>archive</kind>
         <file>rtsv7M4_T_le_eabi.lib</file>
         <name>atoi.obj</name>
      </input_file>
      <input_file id="fl-14c">
         <path>C:\ti\ccsv6\tools\compiler\ti-cgt-arm_5.2.0\lib\</path>
         <kind>archive</kind>
         <file>rtsv7M4_T_le_eabi.lib</file>
         <name>autoinit.obj</name>
      </input_file>
      <input_file id="fl-14d">
         <path>C:\ti\ccsv6\tools\compiler\ti-cgt-arm_5.2.0\lib\</path>
         <kind>archive</kind>
         <file>rtsv7M4_T_le_eabi.lib</file>
         <name>cpy_tbl.obj</name>
      </input_file>
      <input_file id="fl-14e">
         <path>C:\ti\ccsv6\tools\compiler\ti-cgt-arm_5.2.0\lib\</path>
         <kind>archive</kind>
         <file>rtsv7M4_T_le_eabi.lib</file>
         <name>ctype.obj</name>
      </input_file>
      <input_file id="fl-14f">
         <path>C:\ti\ccsv6\tools\compiler\ti-cgt-arm_5.2.0\lib\</path>
         <kind>archive</kind>
         <file>rtsv7M4_T_le_eabi.lib</file>
         <name>fd_add_t2.obj</name>
      </input_file>
      <input_file id="fl-150">
         <path>C:\ti\ccsv6\tools\compiler\ti-cgt-arm_5.2.0\lib\</path>
         <kind>archive</kind>
         <file>rtsv7M4_T_le_eabi.lib</file>
         <name>fd_cmp_t2.obj</name>
      </input_file>
      <input_file id="fl-151">
         <path>C:\ti\ccsv6\tools\compiler\ti-cgt-arm_5.2.0\lib\</path>
         <kind>archive</kind>
         <file>rtsv7M4_T_le_eabi.lib</file>
         <name>fd_div_t2.obj</name>
      </input_file>
      <input_file id="fl-152">
         <path>C:\ti\ccsv6\tools\compiler\ti-cgt-arm_5.2.0\lib\</path>
         <kind>archive</kind>
         <file>rtsv7M4_T_le_eabi.lib</file>
         <name>fd_mul_t2.obj</name>
      </input_file>
      <input_file id="fl-153">
         <path>C:\ti\ccsv6\tools\compiler\ti-cgt-arm_5.2.0\lib\</path>
         <kind>archive</kind>
         <file>rtsv7M4_T_le_eabi.lib</file>
         <name>fd_toi_t2.obj</name>
      </input_file>
      <input_file id="fl-154">
         <path>C:\ti\ccsv6\tools\compiler\ti-cgt-arm_5.2.0\lib\</path>
         <kind>archive</kind>
         <file>rtsv7M4_T_le_eabi.lib</file>
         <name>frexp.obj</name>
      </input_file>
      <input_file id="fl-155">
         <path>C:\ti\ccsv6\tools\compiler\ti-cgt-arm_5.2.0\lib\</path>
         <kind>archive</kind>
         <file>rtsv7M4_T_le_eabi.lib</file>
         <name>i_tofd_t2.obj</name>
      </input_file>
      <input_file id="fl-156">
         <path>C:\ti\ccsv6\tools\compiler\ti-cgt-arm_5.2.0\lib\</path>
         <kind>archive</kind>
         <file>rtsv7M4_T_le_eabi.lib</file>
         <name>ldexp.obj</name>
      </input_file>
      <input_file id="fl-157">
         <path>C:\ti\ccsv6\tools\compiler\ti-cgt-arm_5.2.0\lib\</path>
         <kind>archive</kind>
         <file>rtsv7M4_T_le_eabi.lib</file>
         <name>ltoa.obj</name>
      </input_file>
      <input_file id="fl-158">
         <path>C:\ti\ccsv6\tools\compiler\ti-cgt-arm_5.2.0\lib\</path>
         <kind>archive</kind>
         <file>rtsv7M4_T_le_eabi.lib</file>
         <name>memccpy.obj</name>
      </input_file>
      <input_file id="fl-159">
         <path>C:\ti\ccsv6\tools\compiler\ti-cgt-arm_5.2.0\lib\</path>
         <kind>archive</kind>
         <file>rtsv7M4_T_le_eabi.lib</file>
         <name>strchr.obj</name>
      </input_file>
      <input_file id="fl-15a">
         <path>C:\ti\ccsv6\tools\compiler\ti-cgt-arm_5.2.0\lib\</path>
         <kind>archive</kind>
         <file>rtsv7M4_T_le_eabi.lib</file>
         <name>ull_div_t2.obj</name>
      </input_file>
      <input_file id="fl-15b">
         <path>C:\ti\ccsv6\tools\compiler\ti-cgt-arm_5.2.0\lib\</path>
         <kind>archive</kind>
         <file>rtsv7M4_T_le_eabi.lib</file>
         <name>xdclass.obj</name>
      </input_file>
      <input_file id="fl-15c">
         <path>C:\ti\ccsv6\tools\compiler\ti-cgt-arm_5.2.0\lib\</path>
         <kind>archive</kind>
         <file>rtsv7M4_T_le_eabi.lib</file>
         <name>xdscale.obj</name>
      </input_file>
      <input_file id="fl-15d">
         <path>C:\ti\ccsv6\tools\compiler\ti-cgt-arm_5.2.0\lib\</path>
         <kind>archive</kind>
         <file>rtsv7M4_T_le_eabi.lib</file>
         <name>xdunscal.obj</name>
      </input_file>
      <input_file id="fl-15e">
         <path>C:\ti\ccsv6\tools\compiler\ti-cgt-arm_5.2.0\lib\</path>
         <kind>archive</kind>
         <file>rtsv7M4_T_le_eabi.lib</file>
         <name>xferaise.obj</name>
      </input_file>
      <input_file id="fl-15f">
         <path>C:\ti\ccsv6\tools\compiler\ti-cgt-arm_5.2.0\lib\</path>
         <kind>archive</kind>
         <file>rtsv7M4_T_le_eabi.lib</file>
         <name>xvalues.obj</name>
      </input_file>
      <input_file id="fl-160">
         <path>C:\ti\ccsv6\tools\compiler\ti-cgt-arm_5.2.0\lib\</path>
         <kind>archive</kind>
         <file>rtsv7M4_T_le_eabi.lib</file>
         <name>errno.obj</name>
      </input_file>
      <input_file id="fl-161">
         <path>C:\ti\ccsv6\tools\compiler\ti-cgt-arm_5.2.0\lib\</path>
         <kind>archive</kind>
         <file>rtsv7M4_T_le_eabi.lib</file>
         <name>feraiseexcept.obj</name>
      </input_file>
      <input_file id="fl-162">
         <path>C:\ti\ccsv6\tools\compiler\ti-cgt-arm_5.2.0\lib\</path>
         <kind>archive</kind>
         <file>rtsv7M4_T_le_eabi.lib</file>
         <name>raise.obj</name>
      </input_file>
      <input_file id="fl-163">
         <path>C:\ti\ccsv6\tools\compiler\ti-cgt-arm_5.2.0\lib\</path>
         <kind>archive</kind>
         <file>rtsv7M4_T_le_eabi.lib</file>
         <name>signal.obj</name>
      </input_file>
      <input_file id="fl-164">
         <path>C:\ti\ccsv6\tools\compiler\ti-cgt-arm_5.2.0\lib\</path>
         <kind>archive</kind>
         <file>rtsv7M4_T_le_eabi.lib</file>
         <name>xdnorm.obj</name>
      </input_file>
      <input_file id="fl-165">
         <path>C:\ti\CC3200SDK_1.0.0\cc3200-sdk\oslib\ccs\free_rtos\</path>
         <kind>archive</kind>
         <file>free_rtos.a</file>
         <name>port.obj</name>
      </input_file>
      <input_file id="fl-166">
         <path>C:\ti\CC3200SDK_1.0.0\cc3200-sdk\oslib\ccs\free_rtos\</path>
         <kind>archive</kind>
         <file>free_rtos.a</file>
         <name>portasm.obj</name>
      </input_file>
      <input_file id="fl-167">
         <path>C:\ti\CC3200SDK_1.0.0\cc3200-sdk\oslib\ccs\free_rtos\</path>
         <kind>archive</kind>
         <file>free_rtos.a</file>
         <name>queue.obj</name>
      </input_file>
      <input_file id="fl-168">
         <path>C:\ti\CC3200SDK_1.0.0\cc3200-sdk\oslib\ccs\free_rtos\</path>
         <kind>archive</kind>
         <file>free_rtos.a</file>
         <name>tasks.obj</name>
      </input_file>
      <input_file id="fl-169">
         <path>C:\ti\CC3200SDK_1.0.0\cc3200-sdk\oslib\ccs\free_rtos\</path>
         <kind>archive</kind>
         <file>free_rtos.a</file>
         <name>heap_3.obj</name>
      </input_file>
      <input_file id="fl-16a">
         <path>C:\ti\CC3200SDK_1.0.0\cc3200-sdk\oslib\ccs\free_rtos\</path>
         <kind>archive</kind>
         <file>free_rtos.a</file>
         <name>list.obj</name>
      </input_file>
      <input_file id="fl-16b">
         <path>C:\ti\CC3200SDK_1.0.0\cc3200-sdk\driverlib\ccs\Release\</path>
         <kind>archive</kind>
         <file>driverlib.a</file>
         <name>gpio.obj</name>
      </input_file>
      <input_file id="fl-16c">
         <path>C:\ti\CC3200SDK_1.0.0\cc3200-sdk\driverlib\ccs\Release\</path>
         <kind>archive</kind>
         <file>driverlib.a</file>
         <name>interrupt.obj</name>
      </input_file>
      <input_file id="fl-16d">
         <path>C:\ti\CC3200SDK_1.0.0\cc3200-sdk\driverlib\ccs\Release\</path>
         <kind>archive</kind>
         <file>driverlib.a</file>
         <name>pin.obj</name>
      </input_file>
      <input_file id="fl-16e">
         <path>C:\ti\CC3200SDK_1.0.0\cc3200-sdk\driverlib\ccs\Release\</path>
         <kind>archive</kind>
         <file>driverlib.a</file>
         <name>prcm.obj</name>
      </input_file>
      <input_file id="fl-16f">
         <path>C:\ti\CC3200SDK_1.0.0\cc3200-sdk\driverlib\ccs\Release\</path>
         <kind>archive</kind>
         <file>driverlib.a</file>
         <name>timer.obj</name>
      </input_file>
      <input_file id="fl-170">
         <path>C:\ti\CC3200SDK_1.0.0\cc3200-sdk\driverlib\ccs\Release\</path>
         <kind>archive</kind>
         <file>driverlib.a</file>
         <name>uart.obj</name>
      </input_file>
      <input_file id="fl-171">
         <path>C:\ti\CC3200SDK_1.0.0\cc3200-sdk\driverlib\ccs\Release\</path>
         <kind>archive</kind>
         <file>driverlib.a</file>
         <name>udma.obj</name>
      </input_file>
      <input_file id="fl-172">
         <path>C:\ti\CC3200SDK_1.0.0\cc3200-sdk\driverlib\ccs\Release\</path>
         <kind>archive</kind>
         <file>driverlib.a</file>
         <name>utils.obj</name>
      </input_file>
      <input_file id="fl-173">
         <path>C:\ti\CC3200SDK_1.0.0\cc3200-sdk\driverlib\ccs\Release\</path>
         <kind>archive</kind>
         <file>driverlib.a</file>
         <name>cpu.obj</name>
      </input_file>
      <input_file id="fl-174">
         <path>C:\ti\CC3200SDK_1.0.0\cc3200-sdk\driverlib\ccs\Release\</path>
         <kind>archive</kind>
         <file>driverlib.a</file>
         <name>flash.obj</name>
      </input_file>
      <input_file id="fl-175">
         <path>C:\ti\ccsv6\tools\compiler\ti-cgt-arm_5.2.0\lib\</path>
         <kind>archive</kind>
         <file>rtsv7M4_T_le_eabi.lib</file>
         <name>ll_lsr_t2.obj</name>
      </input_file>
   </input_file_list>
   <object_component_list>
      <object_component id="oc-f">
         <name>.intvecs</name>
         <load_address>0x20004000</load_address>
         <run_address>0x20004000</run_address>
         <size>0x400</size>
         <input_file_ref idref="fl-b"/>
      </object_component>
      <object_component id="oc-29">
         <name>.init_array</name>
         <load_address>0x2000bfb4</load_address>
         <run_address>0x2000bfb4</run_address>
         <size>0x4</size>
         <input_file_ref idref="fl-9"/>
      </object_component>
      <object_component id="oc-8e">
         <name>.text</name>
         <load_address>0x20004400</load_address>
         <run_address>0x20004400</run_address>
         <size>0x1258</size>
         <input_file_ref idref="fl-168"/>
      </object_component>
      <object_component id="oc-4b3">
         <name>.text</name>
         <load_address>0x20005658</load_address>
         <run_address>0x20005658</run_address>
         <size>0x10a6</size>
         <input_file_ref idref="fl-149"/>
      </object_component>
      <object_component id="oc-50e">
         <name>.text:IntDefaultHandler</name>
         <load_address>0x200066fe</load_address>
         <run_address>0x200066fe</run_address>
         <size>0x2</size>
         <input_file_ref idref="fl-16c"/>
      </object_component>
      <object_component id="oc-258">
         <name>.text</name>
         <load_address>0x20006700</load_address>
         <run_address>0x20006700</run_address>
         <size>0xb24</size>
         <input_file_ref idref="fl-167"/>
      </object_component>
      <object_component id="oc-129">
         <name>.text</name>
         <load_address>0x20007224</load_address>
         <run_address>0x20007224</run_address>
         <size>0x94c</size>
         <input_file_ref idref="fl-7"/>
      </object_component>
      <object_component id="oc-157">
         <name>.text</name>
         <load_address>0x20007b70</load_address>
         <run_address>0x20007b70</run_address>
         <size>0x78c</size>
         <input_file_ref idref="fl-2"/>
      </object_component>
      <object_component id="oc-83">
         <name>.text</name>
         <load_address>0x200082fc</load_address>
         <run_address>0x200082fc</run_address>
         <size>0x674</size>
         <input_file_ref idref="fl-9"/>
      </object_component>
      <object_component id="oc-141">
         <name>.text</name>
         <load_address>0x20008970</load_address>
         <run_address>0x20008970</run_address>
         <size>0x60c</size>
         <input_file_ref idref="fl-4"/>
      </object_component>
      <object_component id="oc-355">
         <name>.text</name>
         <load_address>0x20008f7c</load_address>
         <run_address>0x20008f7c</run_address>
         <size>0x3dc</size>
         <input_file_ref idref="fl-13e"/>
      </object_component>
      <object_component id="oc-14d">
         <name>.text</name>
         <load_address>0x20009358</load_address>
         <run_address>0x20009358</run_address>
         <size>0x26c</size>
         <input_file_ref idref="fl-c"/>
      </object_component>
      <object_component id="oc-13b">
         <name>.text</name>
         <load_address>0x200095c4</load_address>
         <run_address>0x200095c4</run_address>
         <size>0x200</size>
         <input_file_ref idref="fl-d"/>
      </object_component>
      <object_component id="oc-515">
         <name>.text</name>
         <load_address>0x200097c4</load_address>
         <run_address>0x200097c4</run_address>
         <size>0x1f4</size>
         <input_file_ref idref="fl-15a"/>
      </object_component>
      <object_component id="oc-53e">
         <name>.text</name>
         <load_address>0x200099b8</load_address>
         <run_address>0x200099b8</run_address>
         <size>0x1b6</size>
         <input_file_ref idref="fl-14f"/>
      </object_component>
      <object_component id="oc-147">
         <name>.text</name>
         <load_address>0x20009b6e</load_address>
         <run_address>0x20009b6e</run_address>
         <size>0x160</size>
         <input_file_ref idref="fl-6"/>
      </object_component>
      <object_component id="oc-524">
         <name>.text</name>
         <load_address>0x20009cce</load_address>
         <run_address>0x20009cce</run_address>
         <size>0x136</size>
         <input_file_ref idref="fl-151"/>
      </object_component>
      <object_component id="oc-11c">
         <name>.text:PRCMCC3200MCUInit</name>
         <load_address>0x20009e04</load_address>
         <run_address>0x20009e04</run_address>
         <size>0x134</size>
         <input_file_ref idref="fl-16e"/>
      </object_component>
      <object_component id="oc-1a0">
         <name>.text</name>
         <load_address>0x20009f38</load_address>
         <run_address>0x20009f38</run_address>
         <size>0x12a</size>
         <input_file_ref idref="fl-16a"/>
      </object_component>
      <object_component id="oc-472">
         <name>.text</name>
         <load_address>0x2000a062</load_address>
         <run_address>0x2000a062</run_address>
         <size>0x2</size>
         <input_file_ref idref="fl-141"/>
      </object_component>
      <object_component id="oc-39">
         <name>.text</name>
         <load_address>0x2000a064</load_address>
         <run_address>0x2000a064</run_address>
         <size>0x110</size>
         <input_file_ref idref="fl-165"/>
      </object_component>
      <object_component id="oc-595">
         <name>.text</name>
         <load_address>0x2000a174</load_address>
         <run_address>0x2000a174</run_address>
         <size>0x110</size>
         <input_file_ref idref="fl-15c"/>
      </object_component>
      <object_component id="oc-51f">
         <name>.text</name>
         <load_address>0x2000a284</load_address>
         <run_address>0x2000a284</run_address>
         <size>0xfc</size>
         <input_file_ref idref="fl-152"/>
      </object_component>
      <object_component id="oc-172">
         <name>.text</name>
         <load_address>0x2000a380</load_address>
         <run_address>0x2000a380</run_address>
         <size>0xf4</size>
         <input_file_ref idref="fl-13a"/>
      </object_component>
      <object_component id="oc-304">
         <name>.text:uDMAChannelTransferSet</name>
         <load_address>0x2000a474</load_address>
         <run_address>0x2000a474</run_address>
         <size>0xf0</size>
         <input_file_ref idref="fl-171"/>
      </object_component>
      <object_component id="oc-5b7">
         <name>.text</name>
         <load_address>0x2000a564</load_address>
         <run_address>0x2000a564</run_address>
         <size>0xbe</size>
         <input_file_ref idref="fl-164"/>
      </object_component>
      <object_component id="oc-34">
         <name>.text</name>
         <load_address>0x2000a624</load_address>
         <run_address>0x2000a624</run_address>
         <size>0xba</size>
         <input_file_ref idref="fl-166"/>
      </object_component>
      <object_component id="oc-3e2">
         <name>.text:IntDisable</name>
         <load_address>0x2000a6e0</load_address>
         <run_address>0x2000a6e0</run_address>
         <size>0xa8</size>
         <input_file_ref idref="fl-16c"/>
      </object_component>
      <object_component id="oc-116">
         <name>.text:IntEnable</name>
         <load_address>0x2000a788</load_address>
         <run_address>0x2000a788</run_address>
         <size>0xa8</size>
         <input_file_ref idref="fl-16c"/>
      </object_component>
      <object_component id="oc-42">
         <name>.text</name>
         <load_address>0x2000a830</load_address>
         <run_address>0x2000a830</run_address>
         <size>0x9c</size>
         <input_file_ref idref="fl-13c"/>
      </object_component>
      <object_component id="oc-33d">
         <name>.text:PRCMPeripheralClockGet</name>
         <load_address>0x2000a8cc</load_address>
         <run_address>0x2000a8cc</run_address>
         <size>0x94</size>
         <input_file_ref idref="fl-16e"/>
      </object_component>
      <object_component id="oc-206">
         <name>.text:PinConfigSet</name>
         <load_address>0x2000a960</load_address>
         <run_address>0x2000a960</run_address>
         <size>0x88</size>
         <input_file_ref idref="fl-16d"/>
      </object_component>
      <object_component id="oc-343">
         <name>.text</name>
         <load_address>0x2000a9e8</load_address>
         <run_address>0x2000a9e8</run_address>
         <size>0x88</size>
         <input_file_ref idref="fl-147"/>
      </object_component>
      <object_component id="oc-51a">
         <name>.text:__aeabi_cdcmple</name>
         <load_address>0x2000aa70</load_address>
         <run_address>0x2000aa70</run_address>
         <size>0x86</size>
         <input_file_ref idref="fl-150"/>
      </object_component>
      <object_component id="oc-529">
         <name>.text:__aeabi_cdrcmple</name>
         <load_address>0x2000aaf6</load_address>
         <run_address>0x2000aaf6</run_address>
         <size>0x86</size>
         <input_file_ref idref="fl-150"/>
      </object_component>
      <object_component id="oc-3ca">
         <name>.text:GPIOIntTypeSet</name>
         <load_address>0x2000ab7c</load_address>
         <run_address>0x2000ab7c</run_address>
         <size>0x82</size>
         <input_file_ref idref="fl-16b"/>
      </object_component>
      <object_component id="oc-5b">
         <name>.text</name>
         <load_address>0x2000abfe</load_address>
         <run_address>0x2000abfe</run_address>
         <size>0x7a</size>
         <input_file_ref idref="fl-13f"/>
      </object_component>
      <object_component id="oc-26b">
         <name>.text:UARTConfigSetExpClk</name>
         <load_address>0x2000ac78</load_address>
         <run_address>0x2000ac78</run_address>
         <size>0x76</size>
         <input_file_ref idref="fl-170"/>
      </object_component>
      <object_component id="oc-6d">
         <name>.text</name>
         <load_address>0x2000acf0</load_address>
         <run_address>0x2000acf0</run_address>
         <size>0x6c</size>
         <input_file_ref idref="fl-14c"/>
      </object_component>
      <object_component id="oc-4e">
         <name>.text</name>
         <load_address>0x2000ad5c</load_address>
         <run_address>0x2000ad5c</run_address>
         <size>0x6a</size>
         <input_file_ref idref="fl-137"/>
      </object_component>
      <object_component id="oc-58d">
         <name>.text</name>
         <load_address>0x2000adc6</load_address>
         <run_address>0x2000adc6</run_address>
         <size>0x66</size>
         <input_file_ref idref="fl-15d"/>
      </object_component>
      <object_component id="oc-2f2">
         <name>.text:uDMAChannelAttributeDisable</name>
         <load_address>0x2000ae2c</load_address>
         <run_address>0x2000ae2c</run_address>
         <size>0x64</size>
         <input_file_ref idref="fl-171"/>
      </object_component>
      <object_component id="oc-2fe">
         <name>.text:uDMAChannelAttributeEnable</name>
         <load_address>0x2000ae90</load_address>
         <run_address>0x2000ae90</run_address>
         <size>0x64</size>
         <input_file_ref idref="fl-171"/>
      </object_component>
      <object_component id="oc-3e8">
         <name>.text:IntPendClear</name>
         <load_address>0x2000aef4</load_address>
         <run_address>0x2000aef4</run_address>
         <size>0x58</size>
         <input_file_ref idref="fl-16c"/>
      </object_component>
      <object_component id="oc-228">
         <name>.text:PRCMPeripheralReset</name>
         <load_address>0x2000af4c</load_address>
         <run_address>0x2000af4c</run_address>
         <size>0x58</size>
         <input_file_ref idref="fl-16e"/>
      </object_component>
      <object_component id="oc-533">
         <name>.text</name>
         <load_address>0x2000afa4</load_address>
         <run_address>0x2000afa4</run_address>
         <size>0x56</size>
         <input_file_ref idref="fl-157"/>
      </object_component>
      <object_component id="oc-561">
         <name>.text</name>
         <load_address>0x2000affc</load_address>
         <run_address>0x2000affc</run_address>
         <size>0x4c</size>
         <input_file_ref idref="fl-14b"/>
      </object_component>
      <object_component id="oc-c2">
         <name>.text</name>
         <load_address>0x2000b048</load_address>
         <run_address>0x2000b048</run_address>
         <size>0x4c</size>
         <input_file_ref idref="fl-14d"/>
      </object_component>
      <object_component id="oc-271">
         <name>.text:uDMAChannelAssign</name>
         <load_address>0x2000b094</load_address>
         <run_address>0x2000b094</run_address>
         <size>0x4c</size>
         <input_file_ref idref="fl-171"/>
      </object_component>
      <object_component id="oc-4d7">
         <name>.text:GPIOGetIntNumber</name>
         <load_address>0x2000b0e0</load_address>
         <run_address>0x2000b0e0</run_address>
         <size>0x48</size>
         <input_file_ref idref="fl-16b"/>
      </object_component>
      <object_component id="oc-52e">
         <name>.text</name>
         <load_address>0x2000b128</load_address>
         <run_address>0x2000b128</run_address>
         <size>0x48</size>
         <input_file_ref idref="fl-153"/>
      </object_component>
      <object_component id="oc-549">
         <name>.text</name>
         <load_address>0x2000b170</load_address>
         <run_address>0x2000b170</run_address>
         <size>0x46</size>
         <input_file_ref idref="fl-156"/>
      </object_component>
      <object_component id="oc-dd">
         <name>.text:TimerConfigure</name>
         <load_address>0x2000b1b8</load_address>
         <run_address>0x2000b1b8</run_address>
         <size>0x44</size>
         <input_file_ref idref="fl-16f"/>
      </object_component>
      <object_component id="oc-79">
         <name>.text</name>
         <load_address>0x2000b1fc</load_address>
         <run_address>0x2000b1fc</run_address>
         <size>0x44</size>
         <input_file_ref idref="fl-13b"/>
      </object_component>
      <object_component id="oc-200">
         <name>.text:PinModeSet</name>
         <load_address>0x2000b240</load_address>
         <run_address>0x2000b240</run_address>
         <size>0x40</size>
         <input_file_ref idref="fl-16d"/>
      </object_component>
      <object_component id="oc-5fa">
         <name>.text</name>
         <load_address>0x2000b280</load_address>
         <run_address>0x2000b280</run_address>
         <size>0x40</size>
         <input_file_ref idref="fl-163"/>
      </object_component>
      <object_component id="oc-f5">
         <name>.text:PRCMPeripheralClkEnable</name>
         <load_address>0x2000b2c0</load_address>
         <run_address>0x2000b2c0</run_address>
         <size>0x3c</size>
         <input_file_ref idref="fl-16e"/>
      </object_component>
      <object_component id="oc-24">
         <name>.text</name>
         <load_address>0x2000b2fc</load_address>
         <run_address>0x2000b2fc</run_address>
         <size>0x3c</size>
         <input_file_ref idref="fl-135"/>
      </object_component>
      <object_component id="oc-2f8">
         <name>.text:uDMAChannelControlSet</name>
         <load_address>0x2000b338</load_address>
         <run_address>0x2000b338</run_address>
         <size>0x3c</size>
         <input_file_ref idref="fl-171"/>
      </object_component>
      <object_component id="oc-3ae">
         <name>.text:_ZN12ButtonDriver14getButtonStateEv</name>
         <load_address>0x2000b374</load_address>
         <run_address>0x2000b374</run_address>
         <size>0x3a</size>
         <input_file_ref idref="fl-2"/>
      </object_component>
      <object_component id="oc-15d">
         <name>.text:_ZN20BUTTON_DEBOUNCE_CTRLC1Ev</name>
         <load_address>0x2000b3ae</load_address>
         <run_address>0x2000b3ae</run_address>
         <size>0x3a</size>
         <input_file_ref idref="fl-9"/>
      </object_component>
      <object_component id="oc-16b">
         <name>.text:_ZN13PinDefinitionC1Ev</name>
         <load_address>0x2000b3e8</load_address>
         <run_address>0x2000b3e8</run_address>
         <size>0x38</size>
         <input_file_ref idref="fl-2"/>
      </object_component>
      <object_component id="oc-1b0">
         <name>.text</name>
         <load_address>0x2000b420</load_address>
         <run_address>0x2000b420</run_address>
         <size>0x38</size>
         <input_file_ref idref="fl-169"/>
      </object_component>
      <object_component id="oc-135">
         <name>.text:GPIODirModeSet</name>
         <load_address>0x2000b458</load_address>
         <run_address>0x2000b458</run_address>
         <size>0x36</size>
         <input_file_ref idref="fl-16b"/>
      </object_component>
      <object_component id="oc-e9">
         <name>.text:TimerControlLevel</name>
         <load_address>0x2000b48e</load_address>
         <run_address>0x2000b48e</run_address>
         <size>0x36</size>
         <input_file_ref idref="fl-16f"/>
      </object_component>
      <object_component id="oc-5c6">
         <name>.text</name>
         <load_address>0x2000b4c4</load_address>
         <run_address>0x2000b4c4</run_address>
         <size>0x34</size>
         <input_file_ref idref="fl-161"/>
      </object_component>
      <object_component id="oc-12f">
         <name>.text:PinTypeGPIO</name>
         <load_address>0x2000b4f8</load_address>
         <run_address>0x2000b4f8</run_address>
         <size>0x30</size>
         <input_file_ref idref="fl-16d"/>
      </object_component>
      <object_component id="oc-295">
         <name>.text:UARTDisable</name>
         <load_address>0x2000b528</load_address>
         <run_address>0x2000b528</run_address>
         <size>0x30</size>
         <input_file_ref idref="fl-170"/>
      </object_component>
      <object_component id="oc-2b0">
         <name>.text</name>
         <load_address>0x2000b558</load_address>
         <run_address>0x2000b558</run_address>
         <size>0x30</size>
         <input_file_ref idref="fl-140"/>
      </object_component>
      <object_component id="oc-59b">
         <name>.text</name>
         <load_address>0x2000b588</load_address>
         <run_address>0x2000b588</run_address>
         <size>0x30</size>
         <input_file_ref idref="fl-15e"/>
      </object_component>
      <object_component id="oc-539">
         <name>.text</name>
         <load_address>0x2000b5b8</load_address>
         <run_address>0x2000b5b8</run_address>
         <size>0x2e</size>
         <input_file_ref idref="fl-155"/>
      </object_component>
      <object_component id="oc-5ea">
         <name>.text</name>
         <load_address>0x2000b5e6</load_address>
         <run_address>0x2000b5e6</run_address>
         <size>0x2e</size>
         <input_file_ref idref="fl-162"/>
      </object_component>
      <object_component id="oc-234">
         <name>.text:PRCMSysResetCauseGet</name>
         <load_address>0x2000b614</load_address>
         <run_address>0x2000b614</run_address>
         <size>0x2c</size>
         <input_file_ref idref="fl-16e"/>
      </object_component>
      <object_component id="oc-ef">
         <name>.text:TimerLoadSet</name>
         <load_address>0x2000b640</load_address>
         <run_address>0x2000b640</run_address>
         <size>0x2a</size>
         <input_file_ref idref="fl-16f"/>
      </object_component>
      <object_component id="oc-d7">
         <name>.text:TimerMatchSet</name>
         <load_address>0x2000b66a</load_address>
         <run_address>0x2000b66a</run_address>
         <size>0x2a</size>
         <input_file_ref idref="fl-16f"/>
      </object_component>
      <object_component id="oc-e3">
         <name>.text:TimerPrescaleSet</name>
         <load_address>0x2000b694</load_address>
         <run_address>0x2000b694</run_address>
         <size>0x2a</size>
         <input_file_ref idref="fl-16f"/>
      </object_component>
      <object_component id="oc-555">
         <name>.text</name>
         <load_address>0x2000b6be</load_address>
         <run_address>0x2000b6be</run_address>
         <size>0x2a</size>
         <input_file_ref idref="fl-15b"/>
      </object_component>
      <object_component id="oc-22e">
         <name>.text:PRCMPeripheralClkDisable</name>
         <load_address>0x2000b6e8</load_address>
         <run_address>0x2000b6e8</run_address>
         <size>0x28</size>
         <input_file_ref idref="fl-16e"/>
      </object_component>
      <object_component id="oc-496">
         <name>.text:IntUnregister</name>
         <load_address>0x2000b710</load_address>
         <run_address>0x2000b710</run_address>
         <size>0x24</size>
         <input_file_ref idref="fl-16c"/>
      </object_component>
      <object_component id="oc-28f">
         <name>.text:UARTEnable</name>
         <load_address>0x2000b734</load_address>
         <run_address>0x2000b734</run_address>
         <size>0x24</size>
         <input_file_ref idref="fl-170"/>
      </object_component>
      <object_component id="oc-2b6">
         <name>.text:_ZN20BLUETOOTH_AT_REQUESTC1Et16HC_05_AT_COMMAND</name>
         <load_address>0x2000b758</load_address>
         <run_address>0x2000b758</run_address>
         <size>0x24</size>
         <input_file_ref idref="fl-7"/>
      </object_component>
      <object_component id="oc-34f">
         <name>.text</name>
         <load_address>0x2000b77c</load_address>
         <run_address>0x2000b77c</run_address>
         <size>0x24</size>
         <input_file_ref idref="fl-13d"/>
      </object_component>
      <object_component id="oc-3b8">
         <name>.text:GPIOIntStatus</name>
         <load_address>0x2000b7a0</load_address>
         <run_address>0x2000b7a0</run_address>
         <size>0x22</size>
         <input_file_ref idref="fl-16b"/>
      </object_component>
      <object_component id="oc-3a7">
         <name>.text:_ZN12ButtonDriver11pressButtonEv</name>
         <load_address>0x2000b7c2</load_address>
         <run_address>0x2000b7c2</run_address>
         <size>0x22</size>
         <input_file_ref idref="fl-2"/>
      </object_component>
      <object_component id="oc-543">
         <name>.text</name>
         <load_address>0x2000b7e4</load_address>
         <run_address>0x2000b7e4</run_address>
         <size>0x22</size>
         <input_file_ref idref="fl-154"/>
      </object_component>
      <object_component id="oc-2a1">
         <name>.text:GPIOPinWrite</name>
         <load_address>0x2000b806</load_address>
         <run_address>0x2000b806</run_address>
         <size>0x20</size>
         <input_file_ref idref="fl-16b"/>
      </object_component>
      <object_component id="oc-283">
         <name>.text:IntRegister</name>
         <load_address>0x2000b828</load_address>
         <run_address>0x2000b828</run_address>
         <size>0x20</size>
         <input_file_ref idref="fl-16c"/>
      </object_component>
      <object_component id="oc-3d0">
         <name>.text:GPIOIntRegister</name>
         <load_address>0x2000b848</load_address>
         <run_address>0x2000b848</run_address>
         <size>0x1e</size>
         <input_file_ref idref="fl-16b"/>
      </object_component>
      <object_component id="oc-101">
         <name>.text:TimerEnable</name>
         <load_address>0x2000b866</load_address>
         <run_address>0x2000b866</run_address>
         <size>0x1e</size>
         <input_file_ref idref="fl-16f"/>
      </object_component>
      <object_component id="oc-2aa">
         <name>.text:UARTCharPut</name>
         <load_address>0x2000b884</load_address>
         <run_address>0x2000b884</run_address>
         <size>0x1e</size>
         <input_file_ref idref="fl-170"/>
      </object_component>
      <object_component id="oc-240">
         <name>.text:UARTIntStatus</name>
         <load_address>0x2000b8a2</load_address>
         <run_address>0x2000b8a2</run_address>
         <size>0x1e</size>
         <input_file_ref idref="fl-170"/>
      </object_component>
      <object_component id="oc-55b">
         <name>.text</name>
         <load_address>0x2000b8c0</load_address>
         <run_address>0x2000b8c0</run_address>
         <size>0x1c</size>
         <input_file_ref idref="fl-158"/>
      </object_component>
      <object_component id="oc-316">
         <name>.text:uDMAChannelDisable</name>
         <load_address>0x2000b8dc</load_address>
         <run_address>0x2000b8dc</run_address>
         <size>0x1c</size>
         <input_file_ref idref="fl-171"/>
      </object_component>
      <object_component id="oc-30a">
         <name>.text:uDMAChannelEnable</name>
         <load_address>0x2000b8f8</load_address>
         <run_address>0x2000b8f8</run_address>
         <size>0x1c</size>
         <input_file_ref idref="fl-171"/>
      </object_component>
      <object_component id="oc-310">
         <name>.text:uDMAChannelRequest</name>
         <load_address>0x2000b914</load_address>
         <run_address>0x2000b914</run_address>
         <size>0x1c</size>
         <input_file_ref idref="fl-171"/>
      </object_component>
      <object_component id="oc-3dc">
         <name>.text:GPIOIntDisable</name>
         <load_address>0x2000b930</load_address>
         <run_address>0x2000b930</run_address>
         <size>0x1a</size>
         <input_file_ref idref="fl-16b"/>
      </object_component>
      <object_component id="oc-3d6">
         <name>.text:GPIOIntEnable</name>
         <load_address>0x2000b94a</load_address>
         <run_address>0x2000b94a</run_address>
         <size>0x1a</size>
         <input_file_ref idref="fl-16b"/>
      </object_component>
      <object_component id="oc-fb">
         <name>.text:PinTypeTimer</name>
         <load_address>0x2000b964</load_address>
         <run_address>0x2000b964</run_address>
         <size>0x1a</size>
         <input_file_ref idref="fl-16d"/>
      </object_component>
      <object_component id="oc-265">
         <name>.text:PinTypeUART</name>
         <load_address>0x2000b97e</load_address>
         <run_address>0x2000b97e</run_address>
         <size>0x1a</size>
         <input_file_ref idref="fl-16d"/>
      </object_component>
      <object_component id="oc-3c4">
         <name>.text:GPIOPinRead</name>
         <load_address>0x2000b998</load_address>
         <run_address>0x2000b998</run_address>
         <size>0x18</size>
         <input_file_ref idref="fl-16b"/>
      </object_component>
      <object_component id="oc-246">
         <name>.text:UARTCharsAvail</name>
         <load_address>0x2000b9b0</load_address>
         <run_address>0x2000b9b0</run_address>
         <size>0x18</size>
         <input_file_ref idref="fl-170"/>
      </object_component>
      <object_component id="oc-27d">
         <name>.text:UARTDMAEnable</name>
         <load_address>0x2000b9c8</load_address>
         <run_address>0x2000b9c8</run_address>
         <size>0x18</size>
         <input_file_ref idref="fl-170"/>
      </object_component>
      <object_component id="oc-2c3">
         <name>.text:UARTFIFOLevelSet</name>
         <load_address>0x2000b9e0</load_address>
         <run_address>0x2000b9e0</run_address>
         <size>0x18</size>
         <input_file_ref idref="fl-170"/>
      </object_component>
      <object_component id="oc-277">
         <name>.text:UARTIntEnable</name>
         <load_address>0x2000b9f8</load_address>
         <run_address>0x2000b9f8</run_address>
         <size>0x18</size>
         <input_file_ref idref="fl-170"/>
      </object_component>
      <object_component id="oc-73">
         <name>.text</name>
         <load_address>0x2000ba10</load_address>
         <run_address>0x2000ba10</run_address>
         <size>0x18</size>
         <input_file_ref idref="fl-14a"/>
      </object_component>
      <object_component id="oc-21c">
         <name>.text:PRCMHIBRegRead</name>
         <load_address>0x2000ba28</load_address>
         <run_address>0x2000ba28</run_address>
         <size>0x16</size>
         <input_file_ref idref="fl-16e"/>
      </object_component>
      <object_component id="oc-222">
         <name>.text:PRCMHIBRegWrite</name>
         <load_address>0x2000ba3e</load_address>
         <run_address>0x2000ba3e</run_address>
         <size>0x16</size>
         <input_file_ref idref="fl-16e"/>
      </object_component>
      <object_component id="oc-24c">
         <name>.text:UARTCharGet</name>
         <load_address>0x2000ba54</load_address>
         <run_address>0x2000ba54</run_address>
         <size>0x16</size>
         <input_file_ref idref="fl-170"/>
      </object_component>
      <object_component id="oc-29b">
         <name>.text:UARTFIFODisable</name>
         <load_address>0x2000ba6a</load_address>
         <run_address>0x2000ba6a</run_address>
         <size>0x16</size>
         <input_file_ref idref="fl-170"/>
      </object_component>
      <object_component id="oc-289">
         <name>.text:UARTFIFOEnable</name>
         <load_address>0x2000ba80</load_address>
         <run_address>0x2000ba80</run_address>
         <size>0x16</size>
         <input_file_ref idref="fl-170"/>
      </object_component>
      <object_component id="oc-54f">
         <name>.text</name>
         <load_address>0x2000ba96</load_address>
         <run_address>0x2000ba96</run_address>
         <size>0x16</size>
         <input_file_ref idref="fl-159"/>
      </object_component>
      <object_component id="oc-2e0">
         <name>.text:uDMAIntRegister</name>
         <load_address>0x2000baac</load_address>
         <run_address>0x2000baac</run_address>
         <size>0x16</size>
         <input_file_ref idref="fl-171"/>
      </object_component>
      <object_component id="oc-211">
         <name>.text:CPUcpsie</name>
         <load_address>0x2000bac2</load_address>
         <run_address>0x2000bac2</run_address>
         <size>0x14</size>
         <input_file_ref idref="fl-173"/>
      </object_component>
      <object_component id="oc-3be">
         <name>.text:GPIOIntClear</name>
         <load_address>0x2000bad6</load_address>
         <run_address>0x2000bad6</run_address>
         <size>0x14</size>
         <input_file_ref idref="fl-16b"/>
      </object_component>
      <object_component id="oc-10a">
         <name>.text:IntVTableBaseSet</name>
         <load_address>0x2000baec</load_address>
         <run_address>0x2000baec</run_address>
         <size>0x14</size>
         <input_file_ref idref="fl-16c"/>
      </object_component>
      <object_component id="oc-1e4">
         <name>.text</name>
         <load_address>0x2000bb00</load_address>
         <run_address>0x2000bb00</run_address>
         <size>0x14</size>
         <input_file_ref idref="fl-148"/>
      </object_component>
      <object_component id="oc-349">
         <name>.text</name>
         <load_address>0x2000bb14</load_address>
         <run_address>0x2000bb14</run_address>
         <size>0x14</size>
         <input_file_ref idref="fl-144"/>
      </object_component>
      <object_component id="oc-2ec">
         <name>.text:uDMAControlBaseSet</name>
         <load_address>0x2000bb28</load_address>
         <run_address>0x2000bb28</run_address>
         <size>0x14</size>
         <input_file_ref idref="fl-171"/>
      </object_component>
      <object_component id="oc-2da">
         <name>.text:uDMAIntClear</name>
         <load_address>0x2000bb3c</load_address>
         <run_address>0x2000bb3c</run_address>
         <size>0x14</size>
         <input_file_ref idref="fl-171"/>
      </object_component>
      <object_component id="oc-252">
         <name>.text:UARTIntClear</name>
         <load_address>0x2000bb50</load_address>
         <run_address>0x2000bb50</run_address>
         <size>0x12</size>
         <input_file_ref idref="fl-170"/>
      </object_component>
      <object_component id="oc-164">
         <name>.text:_ZN12ButtonDriver18registerButtonFuncEPFvRK12ButtonSTATUSRKbE</name>
         <load_address>0x2000bb62</load_address>
         <run_address>0x2000bb62</run_address>
         <size>0x12</size>
         <input_file_ref idref="fl-9"/>
      </object_component>
      <object_component id="oc-31c">
         <name>.text:uDMAIntUnregister</name>
         <load_address>0x2000bb74</load_address>
         <run_address>0x2000bb74</run_address>
         <size>0x12</size>
         <input_file_ref idref="fl-171"/>
      </object_component>
      <object_component id="oc-122">
         <name>.text:_ZN14HC_05Bluetooth13isTransferingEv</name>
         <load_address>0x2000bb86</load_address>
         <run_address>0x2000bb86</run_address>
         <size>0xe</size>
         <input_file_ref idref="fl-9"/>
      </object_component>
      <object_component id="oc-12">
         <name>.text:decompress:none</name>
         <load_address>0x2000bb94</load_address>
         <run_address>0x2000bb94</run_address>
         <size>0xe</size>
         <input_file_ref idref="fl-136"/>
      </object_component>
      <object_component id="oc-2e">
         <name>.text</name>
         <load_address>0x2000bba2</load_address>
         <run_address>0x2000bba2</run_address>
         <size>0xe</size>
         <input_file_ref idref="fl-b"/>
      </object_component>
      <object_component id="oc-1e">
         <name>.text:decompress:ZI</name>
         <load_address>0x2000bbb0</load_address>
         <run_address>0x2000bbb0</run_address>
         <size>0xc</size>
         <input_file_ref idref="fl-138"/>
      </object_component>
      <object_component id="oc-322">
         <name>.text:uDMADisable</name>
         <load_address>0x2000bbbc</load_address>
         <run_address>0x2000bbbc</run_address>
         <size>0xc</size>
         <input_file_ref idref="fl-171"/>
      </object_component>
      <object_component id="oc-2e6">
         <name>.text:uDMAEnable</name>
         <load_address>0x2000bbc8</load_address>
         <run_address>0x2000bbc8</run_address>
         <size>0xc</size>
         <input_file_ref idref="fl-171"/>
      </object_component>
      <object_component id="oc-2d4">
         <name>.text:uDMAIntStatus</name>
         <load_address>0x2000bbd4</load_address>
         <run_address>0x2000bbd4</run_address>
         <size>0xc</size>
         <input_file_ref idref="fl-171"/>
      </object_component>
      <object_component id="oc-110">
         <name>.text:IntMasterEnable</name>
         <load_address>0x2000bbe0</load_address>
         <run_address>0x2000bbe0</run_address>
         <size>0xa</size>
         <input_file_ref idref="fl-16c"/>
      </object_component>
      <object_component id="oc-2bd">
         <name>.text</name>
         <load_address>0x2000bbea</load_address>
         <run_address>0x2000bbea</run_address>
         <size>0x8</size>
         <input_file_ref idref="fl-139"/>
      </object_component>
      <object_component id="oc-443">
         <name>.text:UtilsDelay</name>
         <load_address>0x2000bbf2</load_address>
         <run_address>0x2000bbf2</run_address>
         <size>0x6</size>
         <input_file_ref idref="fl-172"/>
      </object_component>
      <object_component id="oc-18">
         <name>.text:decompress:rle24</name>
         <load_address>0x2000bbf8</load_address>
         <run_address>0x2000bbf8</run_address>
         <size>0x6</size>
         <input_file_ref idref="fl-137"/>
      </object_component>
      <object_component id="oc-67">
         <name>.text</name>
         <load_address>0x2000bbfe</load_address>
         <run_address>0x2000bbfe</run_address>
         <size>0x4</size>
         <input_file_ref idref="fl-142"/>
      </object_component>
      <object_component id="oc-5a9">
         <name>.const:.string:_ctypes_</name>
         <load_address>0x2000bc04</load_address>
         <run_address>0x2000bc04</run_address>
         <size>0x101</size>
         <input_file_ref idref="fl-14e"/>
      </object_component>
      <object_component id="oc-43a">
         <name>.const:g_ulPinToPadMap</name>
         <load_address>0x2000bd08</load_address>
         <run_address>0x2000bd08</run_address>
         <size>0x100</size>
         <input_file_ref idref="fl-16d"/>
      </object_component>
      <object_component id="oc-1fc">
         <name>.const:PRCM_PeriphRegsList</name>
         <load_address>0x2000be08</load_address>
         <run_address>0x2000be08</run_address>
         <size>0xa8</size>
         <input_file_ref idref="fl-16e"/>
      </object_component>
      <object_component id="oc-337">
         <name>.const:$P$T0$1</name>
         <load_address>0x2000beb0</load_address>
         <run_address>0x2000beb0</run_address>
         <size>0x80</size>
         <input_file_ref idref="fl-4"/>
      </object_component>
      <object_component id="oc-218">
         <name>.const</name>
         <load_address>0x2000bf30</load_address>
         <run_address>0x2000bf30</run_address>
         <size>0x80</size>
         <input_file_ref idref="fl-16c"/>
      </object_component>
      <object_component id="oc-46b">
         <name>.const:.string</name>
         <load_address>0x2000bfb0</load_address>
         <run_address>0x2000bfb0</run_address>
         <size>0x2</size>
         <input_file_ref idref="fl-7"/>
      </object_component>
      <object_component id="oc-640">
         <name>.cinit..data.load</name>
         <load_address>0x2000bfb8</load_address>
         <run_address>0x2000bfb8</run_address>
         <size>0x137</size>
      </object_component>
      <object_component id="oc-63e">
         <name>__TI_handler_table</name>
         <load_address>0x2000c0f0</load_address>
         <run_address>0x2000c0f0</run_address>
         <size>0xc</size>
      </object_component>
      <object_component id="oc-641">
         <name>.cinit..bss.load</name>
         <load_address>0x2000c100</load_address>
         <run_address>0x2000c100</run_address>
         <size>0x8</size>
      </object_component>
      <object_component id="oc-63f">
         <name>__TI_cinit_table</name>
         <load_address>0x2000c108</load_address>
         <run_address>0x2000c108</run_address>
         <size>0x10</size>
      </object_component>
      <object_component id="oc-2b">
         <name>.sysmem</name>
         <uninitialized>true</uninitialized>
         <run_address>0x20017000</run_address>
         <size>0x8</size>
         <input_file_ref idref="fl-13e"/>
      </object_component>
      <object_component id="oc-643">
         <name>.sysmem</name>
         <uninitialized>true</uninitialized>
         <run_address>0x20017000</run_address>
         <size>0x0</size>
      </object_component>
      <object_component id="oc-2a">
         <name>.stack</name>
         <uninitialized>true</uninitialized>
         <run_address>0x2002ff00</run_address>
         <size>0x0</size>
         <input_file_ref idref="fl-135"/>
      </object_component>
      <object_component id="oc-642">
         <name>.stack</name>
         <uninitialized>true</uninitialized>
         <run_address>0x2002ff00</run_address>
         <size>0x0</size>
      </object_component>
      <object_component id="oc-179">
         <name>.bss</name>
         <uninitialized>true</uninitialized>
         <run_address>0x2001d000</run_address>
         <size>0xa4</size>
         <input_file_ref idref="fl-9"/>
      </object_component>
      <object_component id="oc-261">
         <name>.bss:RXDATABUFF</name>
         <uninitialized>true</uninitialized>
         <run_address>0x2001c88c</run_address>
         <size>0x12c</size>
         <input_file_ref idref="fl-9"/>
      </object_component>
      <object_component id="oc-17f">
         <name>.bss:leddisplay</name>
         <uninitialized>true</uninitialized>
         <run_address>0x2001b000</run_address>
         <size>0x188c</size>
         <input_file_ref idref="fl-9"/>
      </object_component>
      <object_component id="oc-32e">
         <name>.bss:gfpAppCallbackHndl</name>
         <uninitialized>true</uninitialized>
         <run_address>0x2001c9b8</run_address>
         <size>0x100</size>
         <input_file_ref idref="fl-d"/>
      </object_component>
      <object_component id="oc-32b">
         <name>.bss:gpCtlTbl</name>
         <uninitialized>true</uninitialized>
         <run_address>0x2001cc00</run_address>
         <size>0x400</size>
         <input_file_ref idref="fl-d"/>
      </object_component>
      <object_component id="oc-44d">
         <name>.bss:xQueueRegistry</name>
         <uninitialized>true</uninitialized>
         <run_address>0x2001cb80</run_address>
         <size>0x50</size>
         <input_file_ref idref="fl-167"/>
      </object_component>
      <object_component id="oc-1a6">
         <name>.bss:pxReadyTasksLists</name>
         <uninitialized>true</uninitialized>
         <run_address>0x2001cab8</run_address>
         <size>0xc8</size>
         <input_file_ref idref="fl-168"/>
      </object_component>
      <object_component id="oc-183">
         <name>.common:local_current_message</name>
         <uninitialized>true</uninitialized>
         <run_address>0x2001d100</run_address>
         <size>0x4</size>
      </object_component>
      <object_component id="oc-264">
         <name>.common:BLUETOOTH_READ_HNDLE</name>
         <uninitialized>true</uninitialized>
         <run_address>0x2001d0e0</run_address>
         <size>0x4</size>
      </object_component>
      <object_component id="oc-2c9">
         <name>.common:BLUETOOTH_CMD_READ_HNDLE</name>
         <uninitialized>true</uninitialized>
         <run_address>0x2001cbfc</run_address>
         <size>0x4</size>
      </object_component>
      <object_component id="oc-184">
         <name>.common:Button1_PTR</name>
         <uninitialized>true</uninitialized>
         <run_address>0x2001d0e4</run_address>
         <size>0x4</size>
      </object_component>
      <object_component id="oc-185">
         <name>.common:Button2_PTR</name>
         <uninitialized>true</uninitialized>
         <run_address>0x2001d0e8</run_address>
         <size>0x4</size>
      </object_component>
      <object_component id="oc-178">
         <name>.common:FOTON_BLUETOOTH</name>
         <uninitialized>true</uninitialized>
         <run_address>0x2001d0f0</run_address>
         <size>0x4</size>
      </object_component>
      <object_component id="oc-182">
         <name>.common:CURRENT_MESSAGE</name>
         <uninitialized>true</uninitialized>
         <run_address>0x2001d0ec</run_address>
         <size>0x4</size>
      </object_component>
      <object_component id="oc-153">
         <name>.common:FOTON_LED_BOARD</name>
         <uninitialized>true</uninitialized>
         <run_address>0x2001d0f4</run_address>
         <size>0x4</size>
      </object_component>
      <object_component id="oc-17c">
         <name>.common:BLANK_PIN_NUM</name>
         <uninitialized>true</uninitialized>
         <run_address>0x2001d10d</run_address>
         <size>0x1</size>
      </object_component>
      <object_component id="oc-17e">
         <name>.common:BLANK_PIN_ADDR</name>
         <uninitialized>true</uninitialized>
         <run_address>0x2001d10c</run_address>
         <size>0x1</size>
      </object_component>
      <object_component id="oc-17d">
         <name>.common:BLANK_PORT_ADDR</name>
         <uninitialized>true</uninitialized>
         <run_address>0x2001cbf8</run_address>
         <size>0x4</size>
      </object_component>
      <object_component id="oc-35b">
         <name>.common:__Errorlog</name>
         <uninitialized>true</uninitialized>
         <run_address>0x2001d0f8</run_address>
         <size>0x4</size>
      </object_component>
      <object_component id="oc-328">
         <name>.common:iDone</name>
         <uninitialized>true</uninitialized>
         <run_address>0x2001d10e</run_address>
         <size>0x1</size>
      </object_component>
      <object_component id="oc-186">
         <name>.common:__dso_handle</name>
         <uninitialized>true</uninitialized>
         <run_address>0x2001d0fc</run_address>
         <size>0x4</size>
      </object_component>
      <object_component id="oc-1b6">
         <name>.common:xDelayedTaskList1</name>
         <uninitialized>true</uninitialized>
         <run_address>0x2001cbd0</run_address>
         <size>0x14</size>
      </object_component>
      <object_component id="oc-1b7">
         <name>.common:xDelayedTaskList2</name>
         <uninitialized>true</uninitialized>
         <run_address>0x2001cbe4</run_address>
         <size>0x14</size>
      </object_component>
      <object_component id="oc-1ac">
         <name>.common:pxDelayedTaskList</name>
         <uninitialized>true</uninitialized>
         <run_address>0x2001d104</run_address>
         <size>0x4</size>
      </object_component>
      <object_component id="oc-1ad">
         <name>.common:pxOverflowDelayedTaskList</name>
         <uninitialized>true</uninitialized>
         <run_address>0x2001d108</run_address>
         <size>0x4</size>
      </object_component>
      <object_component id="oc-1af">
         <name>.common:xPendingReadyList</name>
         <uninitialized>true</uninitialized>
         <run_address>0x2001d0a4</run_address>
         <size>0x14</size>
      </object_component>
      <object_component id="oc-1a9">
         <name>.common:xTasksWaitingTermination</name>
         <uninitialized>true</uninitialized>
         <run_address>0x2001d0cc</run_address>
         <size>0x14</size>
      </object_component>
      <object_component id="oc-1ae">
         <name>.common:xSuspendedTaskList</name>
         <uninitialized>true</uninitialized>
         <run_address>0x2001d0b8</run_address>
         <size>0x14</size>
      </object_component>
      <object_component id="oc-3b5">
         <name>.data</name>
         <load_address>0x2001d348</load_address>
         <run_address>0x2001d348</run_address>
         <size>0x14</size>
         <input_file_ref idref="fl-2"/>
      </object_component>
      <object_component id="oc-25e">
         <name>.data</name>
         <load_address>0x2001d330</load_address>
         <run_address>0x2001d330</run_address>
         <size>0x18</size>
         <input_file_ref idref="fl-7"/>
      </object_component>
      <object_component id="oc-2a7">
         <name>.data:COMMAND_STR_TABLE</name>
         <load_address>0x2001d1c0</load_address>
         <run_address>0x2001d1c0</run_address>
         <size>0x94</size>
         <input_file_ref idref="fl-7"/>
      </object_component>
      <object_component id="oc-107">
         <name>.data</name>
         <load_address>0x2001d30c</load_address>
         <run_address>0x2001d30c</run_address>
         <size>0x24</size>
         <input_file_ref idref="fl-9"/>
      </object_component>
      <object_component id="oc-3f1">
         <name>.data</name>
         <load_address>0x2001d380</load_address>
         <run_address>0x2001d380</run_address>
         <size>0x4</size>
         <input_file_ref idref="fl-13a"/>
      </object_component>
      <object_component id="oc-cf">
         <name>.data</name>
         <load_address>0x2001d370</load_address>
         <run_address>0x2001d370</run_address>
         <size>0x8</size>
         <input_file_ref idref="fl-13b"/>
      </object_component>
      <object_component id="oc-4c9">
         <name>.data</name>
         <load_address>0x2001d35c</load_address>
         <run_address>0x2001d35c</run_address>
         <size>0xc</size>
         <input_file_ref idref="fl-13e"/>
      </object_component>
      <object_component id="oc-7f">
         <name>.data</name>
         <load_address>0x2001d388</load_address>
         <run_address>0x2001d388</run_address>
         <size>0x4</size>
         <input_file_ref idref="fl-143"/>
      </object_component>
      <object_component id="oc-46f">
         <name>.data</name>
         <load_address>0x2001d38c</load_address>
         <run_address>0x2001d38c</run_address>
         <size>0x4</size>
         <input_file_ref idref="fl-146"/>
      </object_component>
      <object_component id="oc-cc">
         <name>.data</name>
         <load_address>0x2001d368</load_address>
         <run_address>0x2001d368</run_address>
         <size>0x8</size>
         <input_file_ref idref="fl-148"/>
      </object_component>
      <object_component id="oc-5c1">
         <name>.data</name>
         <load_address>0x2001d258</load_address>
         <run_address>0x2001d258</run_address>
         <size>0x80</size>
         <input_file_ref idref="fl-15f"/>
      </object_component>
      <object_component id="oc-5cc">
         <name>.data</name>
         <load_address>0x2001d384</load_address>
         <run_address>0x2001d384</run_address>
         <size>0x4</size>
         <input_file_ref idref="fl-160"/>
      </object_component>
      <object_component id="oc-5f0">
         <name>.data</name>
         <load_address>0x2001d378</load_address>
         <run_address>0x2001d378</run_address>
         <size>0x8</size>
         <input_file_ref idref="fl-161"/>
      </object_component>
      <object_component id="oc-60b">
         <name>.data:sigtable</name>
         <load_address>0x2001d110</load_address>
         <run_address>0x2001d110</run_address>
         <size>0xb0</size>
         <input_file_ref idref="fl-163"/>
      </object_component>
      <object_component id="oc-98">
         <name>.data</name>
         <load_address>0x2001d254</load_address>
         <run_address>0x2001d254</run_address>
         <size>0x4</size>
         <input_file_ref idref="fl-165"/>
      </object_component>
      <object_component id="oc-94">
         <name>.data</name>
         <load_address>0x2001d2d8</load_address>
         <run_address>0x2001d2d8</run_address>
         <size>0x34</size>
         <input_file_ref idref="fl-168"/>
      </object_component>
      <object_component id="oc-3ef">
         <name>.debug_info</name>
         <load_address>0x0</load_address>
         <run_address>0x0</run_address>
         <size>0x900</size>
         <input_file_ref idref="fl-2"/>
      </object_component>
      <object_component id="oc-3b6">
         <name>.debug_info</name>
         <load_address>0x900</load_address>
         <run_address>0x900</run_address>
         <size>0xdd</size>
         <input_file_ref idref="fl-2"/>
      </object_component>
      <object_component id="oc-16c">
         <name>.debug_info</name>
         <load_address>0x9dd</load_address>
         <run_address>0x9dd</run_address>
         <size>0x147</size>
         <input_file_ref idref="fl-2"/>
      </object_component>
      <object_component id="oc-3af">
         <name>.debug_info</name>
         <load_address>0xb24</load_address>
         <run_address>0xb24</run_address>
         <size>0x17b</size>
         <input_file_ref idref="fl-2"/>
      </object_component>
      <object_component id="oc-3a8">
         <name>.debug_info</name>
         <load_address>0xc9f</load_address>
         <run_address>0xc9f</run_address>
         <size>0x16a</size>
         <input_file_ref idref="fl-2"/>
      </object_component>
      <object_component id="oc-158">
         <name>.debug_info</name>
         <load_address>0xe09</load_address>
         <run_address>0xe09</run_address>
         <size>0x1348</size>
         <input_file_ref idref="fl-2"/>
      </object_component>
      <object_component id="oc-18f">
         <name>.debug_info</name>
         <load_address>0x2151</load_address>
         <run_address>0x2151</run_address>
         <size>0x4e2</size>
         <input_file_ref idref="fl-2"/>
      </object_component>
      <object_component id="oc-375">
         <name>.debug_info</name>
         <load_address>0x2633</load_address>
         <run_address>0x2633</run_address>
         <size>0x7b</size>
         <input_file_ref idref="fl-2"/>
      </object_component>
      <object_component id="oc-18a">
         <name>.debug_info</name>
         <load_address>0x26ae</load_address>
         <run_address>0x26ae</run_address>
         <size>0x8b</size>
         <input_file_ref idref="fl-2"/>
      </object_component>
      <object_component id="oc-459">
         <name>.debug_info</name>
         <load_address>0x2739</load_address>
         <run_address>0x2739</run_address>
         <size>0x46</size>
         <input_file_ref idref="fl-2"/>
      </object_component>
      <object_component id="oc-39d">
         <name>.debug_info</name>
         <load_address>0x277f</load_address>
         <run_address>0x277f</run_address>
         <size>0x317</size>
         <input_file_ref idref="fl-2"/>
      </object_component>
      <object_component id="oc-37f">
         <name>.debug_info</name>
         <load_address>0x2a96</load_address>
         <run_address>0x2a96</run_address>
         <size>0x46</size>
         <input_file_ref idref="fl-2"/>
      </object_component>
      <object_component id="oc-4e5">
         <name>.debug_info</name>
         <load_address>0x2adc</load_address>
         <run_address>0x2adc</run_address>
         <size>0x15a</size>
         <input_file_ref idref="fl-2"/>
      </object_component>
      <object_component id="oc-484">
         <name>.debug_info</name>
         <load_address>0x2c36</load_address>
         <run_address>0x2c36</run_address>
         <size>0x2c</size>
         <input_file_ref idref="fl-2"/>
      </object_component>
      <object_component id="oc-384">
         <name>.debug_info</name>
         <load_address>0x2c62</load_address>
         <run_address>0x2c62</run_address>
         <size>0x18b</size>
         <input_file_ref idref="fl-2"/>
      </object_component>
      <object_component id="oc-3a2">
         <name>.debug_info</name>
         <load_address>0x2ded</load_address>
         <run_address>0x2ded</run_address>
         <size>0x2c</size>
         <input_file_ref idref="fl-2"/>
      </object_component>
      <object_component id="oc-2cb">
         <name>.debug_info</name>
         <load_address>0x2e19</load_address>
         <run_address>0x2e19</run_address>
         <size>0x53</size>
         <input_file_ref idref="fl-2"/>
      </object_component>
      <object_component id="oc-38e">
         <name>.debug_info</name>
         <load_address>0x2e6c</load_address>
         <run_address>0x2e6c</run_address>
         <size>0xa3</size>
         <input_file_ref idref="fl-2"/>
      </object_component>
      <object_component id="oc-393">
         <name>.debug_info</name>
         <load_address>0x2f0f</load_address>
         <run_address>0x2f0f</run_address>
         <size>0x7b</size>
         <input_file_ref idref="fl-2"/>
      </object_component>
      <object_component id="oc-398">
         <name>.debug_info</name>
         <load_address>0x2f8a</load_address>
         <run_address>0x2f8a</run_address>
         <size>0x197</size>
         <input_file_ref idref="fl-2"/>
      </object_component>
      <object_component id="oc-a9">
         <name>.debug_info</name>
         <load_address>0x3121</load_address>
         <run_address>0x3121</run_address>
         <size>0x84</size>
         <input_file_ref idref="fl-3"/>
      </object_component>
      <object_component id="oc-1ce">
         <name>.debug_info</name>
         <load_address>0x31a5</load_address>
         <run_address>0x31a5</run_address>
         <size>0x2a6</size>
         <input_file_ref idref="fl-4"/>
      </object_component>
      <object_component id="oc-338">
         <name>.debug_info</name>
         <load_address>0x344b</load_address>
         <run_address>0x344b</run_address>
         <size>0xd0</size>
         <input_file_ref idref="fl-4"/>
      </object_component>
      <object_component id="oc-142">
         <name>.debug_info</name>
         <load_address>0x351b</load_address>
         <run_address>0x351b</run_address>
         <size>0x6f3</size>
         <input_file_ref idref="fl-4"/>
      </object_component>
      <object_component id="oc-1b9">
         <name>.debug_info</name>
         <load_address>0x3c0e</load_address>
         <run_address>0x3c0e</run_address>
         <size>0x2ab</size>
         <input_file_ref idref="fl-4"/>
      </object_component>
      <object_component id="oc-423">
         <name>.debug_info</name>
         <load_address>0x3eb9</load_address>
         <run_address>0x3eb9</run_address>
         <size>0xb8</size>
         <input_file_ref idref="fl-4"/>
      </object_component>
      <object_component id="oc-428">
         <name>.debug_info</name>
         <load_address>0x3f71</load_address>
         <run_address>0x3f71</run_address>
         <size>0x83</size>
         <input_file_ref idref="fl-4"/>
      </object_component>
      <object_component id="oc-4f2">
         <name>.debug_info</name>
         <load_address>0x3ff4</load_address>
         <run_address>0x3ff4</run_address>
         <size>0x62</size>
         <input_file_ref idref="fl-4"/>
      </object_component>
      <object_component id="oc-451">
         <name>.debug_info</name>
         <load_address>0x4056</load_address>
         <run_address>0x4056</run_address>
         <size>0x46</size>
         <input_file_ref idref="fl-4"/>
      </object_component>
      <object_component id="oc-9d">
         <name>.debug_info</name>
         <load_address>0x409c</load_address>
         <run_address>0x409c</run_address>
         <size>0x2c</size>
         <input_file_ref idref="fl-4"/>
      </object_component>
      <object_component id="oc-1be">
         <name>.debug_info</name>
         <load_address>0x40c8</load_address>
         <run_address>0x40c8</run_address>
         <size>0x18b</size>
         <input_file_ref idref="fl-4"/>
      </object_component>
      <object_component id="oc-1f6">
         <name>.debug_info</name>
         <load_address>0x4253</load_address>
         <run_address>0x4253</run_address>
         <size>0x2c</size>
         <input_file_ref idref="fl-4"/>
      </object_component>
      <object_component id="oc-a2">
         <name>.debug_info</name>
         <load_address>0x427f</load_address>
         <run_address>0x427f</run_address>
         <size>0x53</size>
         <input_file_ref idref="fl-4"/>
      </object_component>
      <object_component id="oc-1c9">
         <name>.debug_info</name>
         <load_address>0x42d2</load_address>
         <run_address>0x42d2</run_address>
         <size>0x14c</size>
         <input_file_ref idref="fl-4"/>
      </object_component>
      <object_component id="oc-33c">
         <name>.debug_info</name>
         <load_address>0x441e</load_address>
         <run_address>0x441e</run_address>
         <size>0xe2</size>
         <input_file_ref idref="fl-6"/>
      </object_component>
      <object_component id="oc-148">
         <name>.debug_info</name>
         <load_address>0x4500</load_address>
         <run_address>0x4500</run_address>
         <size>0x460</size>
         <input_file_ref idref="fl-6"/>
      </object_component>
      <object_component id="oc-2d0">
         <name>.debug_info</name>
         <load_address>0x4960</load_address>
         <run_address>0x4960</run_address>
         <size>0xfd6</size>
         <input_file_ref idref="fl-7"/>
      </object_component>
      <object_component id="oc-25f">
         <name>.debug_info</name>
         <load_address>0x5936</load_address>
         <run_address>0x5936</run_address>
         <size>0x10d</size>
         <input_file_ref idref="fl-7"/>
      </object_component>
      <object_component id="oc-2a8">
         <name>.debug_info</name>
         <load_address>0x5a43</load_address>
         <run_address>0x5a43</run_address>
         <size>0xe5</size>
         <input_file_ref idref="fl-7"/>
      </object_component>
      <object_component id="oc-2b7">
         <name>.debug_info</name>
         <load_address>0x5b28</load_address>
         <run_address>0x5b28</run_address>
         <size>0x1ce</size>
         <input_file_ref idref="fl-7"/>
      </object_component>
      <object_component id="oc-12a">
         <name>.debug_info</name>
         <load_address>0x5cf6</load_address>
         <run_address>0x5cf6</run_address>
         <size>0x1cb8</size>
         <input_file_ref idref="fl-7"/>
      </object_component>
      <object_component id="oc-23b">
         <name>.debug_info</name>
         <load_address>0x79ae</load_address>
         <run_address>0x79ae</run_address>
         <size>0x659</size>
         <input_file_ref idref="fl-7"/>
      </object_component>
      <object_component id="oc-36b">
         <name>.debug_info</name>
         <load_address>0x8007</load_address>
         <run_address>0x8007</run_address>
         <size>0xd1</size>
         <input_file_ref idref="fl-7"/>
      </object_component>
      <object_component id="oc-370">
         <name>.debug_info</name>
         <load_address>0x80d8</load_address>
         <run_address>0x80d8</run_address>
         <size>0x9c</size>
         <input_file_ref idref="fl-7"/>
      </object_component>
      <object_component id="oc-389">
         <name>.debug_info</name>
         <load_address>0x8174</load_address>
         <run_address>0x8174</run_address>
         <size>0x14d</size>
         <input_file_ref idref="fl-7"/>
      </object_component>
      <object_component id="oc-4cf">
         <name>.debug_info</name>
         <load_address>0x82c1</load_address>
         <run_address>0x82c1</run_address>
         <size>0x2ae</size>
         <input_file_ref idref="fl-8"/>
      </object_component>
      <object_component id="oc-4a5">
         <name>.debug_info</name>
         <load_address>0x856f</load_address>
         <run_address>0x856f</run_address>
         <size>0xc8</size>
         <input_file_ref idref="fl-8"/>
      </object_component>
      <object_component id="oc-35f">
         <name>.debug_info</name>
         <load_address>0x8637</load_address>
         <run_address>0x8637</run_address>
         <size>0x4e</size>
         <input_file_ref idref="fl-8"/>
      </object_component>
      <object_component id="oc-154">
         <name>.debug_info</name>
         <load_address>0x8685</load_address>
         <run_address>0x8685</run_address>
         <size>0x1209</size>
         <input_file_ref idref="fl-9"/>
      </object_component>
      <object_component id="oc-108">
         <name>.debug_info</name>
         <load_address>0x988e</load_address>
         <run_address>0x988e</run_address>
         <size>0x173</size>
         <input_file_ref idref="fl-9"/>
      </object_component>
      <object_component id="oc-17a">
         <name>.debug_info</name>
[...]
      </symbol>
      <symbol id="sm-a9f">
         <name>xQueueAltGenericReceive</name>
         <value>0x20006a5d</value>
         <object_component_ref idref="oc-258"/>
      </symbol>
      <symbol id="sm-aa0">
         <name>uxQueueMessagesWaitingFromISR</name>
         <value>0x20006e2b</value>
         <object_component_ref idref="oc-258"/>
      </symbol>
      <symbol id="sm-aa1">
         <name>uxQueueGetQueueNumber</name>
         <value>0x20006e61</value>
         <object_component_ref idref="oc-258"/>
      </symbol>
      <symbol id="sm-aa2">
         <name>xQueueGenericReceive</name>
         <value>0x20006bf7</value>
         <object_component_ref idref="oc-258"/>
      </symbol>
      <symbol id="sm-aa3">
         <name>xQueueCreateCountingSemaphore</name>
         <value>0x20006885</value>
         <object_component_ref idref="oc-258"/>
      </symbol>
      <symbol id="sm-aa4">
         <name>vQueueDelete</name>
         <value>0x20006e3d</value>
         <object_component_ref idref="oc-258"/>
      </symbol>
      <symbol id="sm-aa5">
         <name>xQueueAddToSet</name>
         <value>0x2000712b</value>
         <object_component_ref idref="oc-258"/>
      </symbol>
      <symbol id="sm-aa6">
         <name>xQueueAltGenericSend</name>
         <value>0x200069b1</value>
         <object_component_ref idref="oc-258"/>
      </symbol>
      <symbol id="sm-aa7">
         <name>xQueueCreateSet</name>
         <value>0x20007117</value>
         <object_component_ref idref="oc-258"/>
      </symbol>
      <symbol id="sm-aa8">
         <name>xQueueRemoveFromSet</name>
         <value>0x2000715f</value>
         <object_component_ref idref="oc-258"/>
      </symbol>
      <symbol id="sm-aa9">
         <name>ucQueueGetQueueType</name>
         <value>0x20006e81</value>
         <object_component_ref idref="oc-258"/>
      </symbol>
      <symbol id="sm-c19">
         <name>vTaskDelay</name>
         <value>0x2000463b</value>
         <object_component_ref idref="oc-8e"/>
      </symbol>
      <symbol id="sm-c1a">
         <name>vTaskSuspendAll</name>
         <value>0x20004a9f</value>
         <object_component_ref idref="oc-8e"/>
      </symbol>
      <symbol id="sm-c1b">
         <name>vTaskPriorityInherit</name>
         <value>0x200054dd</value>
         <object_component_ref idref="oc-8e"/>
      </symbol>
      <symbol id="sm-c1c">
         <name>vTaskPlaceOnEventList</name>
         <value>0x20004e51</value>
         <object_component_ref idref="oc-8e"/>
      </symbol>
      <symbol id="sm-c1d">
         <name>vTaskSetTaskNumber</name>
         <value>0x200050e9</value>
         <object_component_ref idref="oc-8e"/>
      </symbol>
      <symbol id="sm-c1e">
         <name>xTaskCheckForTimeOut</name>
         <value>0x20005041</value>
         <object_component_ref idref="oc-8e"/>
      </symbol>
      <symbol id="sm-c1f">
         <name>xTaskRemoveFromUnorderedEventList</name>
         <value>0x20004fad</value>
         <object_component_ref idref="oc-8e"/>
      </symbol>
      <symbol id="sm-c20">
         <name>vTaskPrioritySet</name>
         <value>0x2000475d</value>
         <object_component_ref idref="oc-8e"/>
      </symbol>
      <symbol id="sm-c21">
         <name>vTaskStartScheduler</name>
         <value>0x20004a43</value>
         <object_component_ref idref="oc-8e"/>
      </symbol>
      <symbol id="sm-c22">
         <name>pcTaskGetTaskName</name>
         <value>0x20004bb5</value>
         <object_component_ref idref="oc-8e"/>
      </symbol>
      <symbol id="sm-c23">
         <name>vTaskPriorityDisinherit</name>
         <value>0x20005597</value>
         <object_component_ref idref="oc-8e"/>
      </symbol>
      <symbol id="sm-c24">
         <name>vTaskDelayUntil</name>
         <value>0x2000459f</value>
         <object_component_ref idref="oc-8e"/>
      </symbol>
      <symbol id="sm-c25">
         <name>uxTaskGetTaskNumber</name>
         <value>0x200050c9</value>
         <object_component_ref idref="oc-8e"/>
      </symbol>
      <symbol id="sm-c26">
         <name>vTaskEndScheduler</name>
         <value>0x20004a8d</value>
         <object_component_ref idref="oc-8e"/>
      </symbol>
      <symbol id="sm-c27">
         <name>vTaskMissedYield</name>
         <value>0x200050bb</value>
         <object_component_ref idref="oc-8e"/>
      </symbol>
      <symbol id="sm-c28">
         <name>uxTaskGetNumberOfTasks</name>
         <value>0x20004ba9</value>
         <object_component_ref idref="oc-8e"/>
      </symbol>
      <symbol id="sm-c29">
         <name>uxTaskPriorityGet</name>
         <value>0x20004725</value>
         <object_component_ref idref="oc-8e"/>
      </symbol>
      <symbol id="sm-c2a">
         <name>xTaskResumeAll</name>
         <value>0x20004ab1</value>
         <object_component_ref idref="oc-8e"/>
      </symbol>
      <symbol id="sm-c2b">
         <name>xTaskGetTickCount</name>
         <value>0x20004b7d</value>
         <object_component_ref idref="oc-8e"/>
      </symbol>
      <symbol id="sm-c2c">
         <name>xTaskGenericCreate</name>
         <value>0x20004401</value>
         <object_component_ref idref="oc-8e"/>
      </symbol>
      <symbol id="sm-c2d">
         <name>uxTaskGetSystemState</name>
         <value>0x20004bd9</value>
         <object_component_ref idref="oc-8e"/>
      </symbol>
      <symbol id="sm-c2e">
         <name>vTaskDelete</name>
         <value>0x2000450f</value>
         <object_component_ref idref="oc-8e"/>
      </symbol>
      <symbol id="sm-c2f">
         <name>pxCurrentTCB</name>
         <value>0x2001d2d8</value>
         <object_component_ref idref="oc-94"/>
      </symbol>
      <symbol id="sm-c30">
         <name>eTaskGetState</name>
         <value>0x20004691</value>
         <object_component_ref idref="oc-8e"/>
      </symbol>
      <symbol id="sm-c31">
         <name>vTaskSuspend</name>
         <value>0x20004861</value>
         <object_component_ref idref="oc-8e"/>
      </symbol>
      <symbol id="sm-c32">
         <name>xTaskGetIdleTaskHandle</name>
         <value>0x20004c97</value>
         <object_component_ref idref="oc-8e"/>
      </symbol>
      <symbol id="sm-c33">
         <name>xTaskGetTickCountFromISR</name>
         <value>0x20004b91</value>
         <object_component_ref idref="oc-8e"/>
      </symbol>
      <symbol id="sm-c34">
         <name>vTaskResume</name>
         <value>0x20004955</value>
         <object_component_ref idref="oc-8e"/>
      </symbol>
      <symbol id="sm-c35">
         <name>vTaskSetTimeOutState</name>
         <value>0x2000501b</value>
         <object_component_ref idref="oc-8e"/>
      </symbol>
      <symbol id="sm-c36">
         <name>xTaskIncrementTick</name>
         <value>0x20004cb5</value>
         <object_component_ref idref="oc-8e"/>
      </symbol>
      <symbol id="sm-c37">
         <name>vTaskSwitchContext</name>
         <value>0x20004dd1</value>
         <object_component_ref idref="oc-8e"/>
      </symbol>
      <symbol id="sm-c38">
         <name>uxTaskResetEventItemValue</name>
         <value>0x20005621</value>
         <object_component_ref idref="oc-8e"/>
      </symbol>
      <symbol id="sm-c39">
         <name>xTaskGetSchedulerState</name>
         <value>0x200054a5</value>
         <object_component_ref idref="oc-8e"/>
      </symbol>
      <symbol id="sm-c3a">
         <name>xTaskResumeFromISR</name>
         <value>0x200049c9</value>
         <object_component_ref idref="oc-8e"/>
      </symbol>
      <symbol id="sm-c3b">
         <name>xTaskGetCurrentTaskHandle</name>
         <value>0x20005491</value>
         <object_component_ref idref="oc-8e"/>
      </symbol>
      <symbol id="sm-c3c">
         <name>vTaskPlaceOnUnorderedEventList</name>
         <value>0x20004eb5</value>
         <object_component_ref idref="oc-8e"/>
      </symbol>
      <symbol id="sm-c3d">
         <name>xTaskRemoveFromEventList</name>
         <value>0x20004f25</value>
         <object_component_ref idref="oc-8e"/>
      </symbol>
      <symbol id="sm-c4d">
         <name>pvPortMalloc</name>
         <value>0x2000b421</value>
         <object_component_ref idref="oc-1b0"/>
      </symbol>
      <symbol id="sm-c4e">
         <name>vPortFree</name>
         <value>0x2000b441</value>
         <object_component_ref idref="oc-1b0"/>
      </symbol>
      <symbol id="sm-c64">
         <name>uxListRemove</name>
         <value>0x2000a01b</value>
         <object_component_ref idref="oc-1a0"/>
      </symbol>
      <symbol id="sm-c65">
         <name>vListInsert</name>
         <value>0x20009fb5</value>
         <object_component_ref idref="oc-1a0"/>
      </symbol>
      <symbol id="sm-c66">
         <name>vListInitialiseItem</name>
         <value>0x20009f69</value>
         <object_component_ref idref="oc-1a0"/>
      </symbol>
      <symbol id="sm-c67">
         <name>vListInsertEnd</name>
         <value>0x20009f79</value>
         <object_component_ref idref="oc-1a0"/>
      </symbol>
      <symbol id="sm-c68">
         <name>vListInitialise</name>
         <value>0x20009f39</value>
         <object_component_ref idref="oc-1a0"/>
      </symbol>
      <symbol id="sm-cd0">
         <name>GPIOIntRegister</name>
         <value>0x2000b849</value>
         <object_component_ref idref="oc-3d0"/>
      </symbol>
      <symbol id="sm-cd1">
         <name>GPIOIntDisable</name>
         <value>0x2000b931</value>
         <object_component_ref idref="oc-3dc"/>
      </symbol>
      <symbol id="sm-cd2">
         <name>GPIOIntEnable</name>
         <value>0x2000b94b</value>
         <object_component_ref idref="oc-3d6"/>
      </symbol>
      <symbol id="sm-cd3">
         <name>GPIOIntTypeSet</name>
         <value>0x2000ab7d</value>
         <object_component_ref idref="oc-3ca"/>
      </symbol>
      <symbol id="sm-cd4">
         <name>GPIOIntClear</name>
         <value>0x2000bad7</value>
         <object_component_ref idref="oc-3be"/>
      </symbol>
      <symbol id="sm-cd5">
         <name>GPIOIntStatus</name>
         <value>0x2000b7a1</value>
         <object_component_ref idref="oc-3b8"/>
      </symbol>
      <symbol id="sm-cd6">
         <name>GPIOPinRead</name>
         <value>0x2000b999</value>
         <object_component_ref idref="oc-3c4"/>
      </symbol>
      <symbol id="sm-cd7">
         <name>GPIODirModeSet</name>
         <value>0x2000b459</value>
         <object_component_ref idref="oc-135"/>
      </symbol>
      <symbol id="sm-cd8">
         <name>GPIOPinWrite</name>
         <value>0x2000b807</value>
         <object_component_ref idref="oc-2a1"/>
      </symbol>
      <symbol id="sm-d4d">
         <name>IntPendClear</name>
         <value>0x2000aef5</value>
         <object_component_ref idref="oc-3e8"/>
      </symbol>
      <symbol id="sm-d4e">
         <name>IntVTableBaseSet</name>
         <value>0x2000baed</value>
         <object_component_ref idref="oc-10a"/>
      </symbol>
      <symbol id="sm-d4f">
         <name>IntEnable</name>
         <value>0x2000a789</value>
         <object_component_ref idref="oc-116"/>
      </symbol>
      <symbol id="sm-d50">
         <name>IntDisable</name>
         <value>0x2000a6e1</value>
         <object_component_ref idref="oc-3e2"/>
      </symbol>
      <symbol id="sm-d51">
         <name>IntRegister</name>
         <value>0x2000b829</value>
         <object_component_ref idref="oc-283"/>
      </symbol>
      <symbol id="sm-d52">
         <name>IntUnregister</name>
         <value>0x2000b711</value>
         <object_component_ref idref="oc-496"/>
      </symbol>
      <symbol id="sm-d53">
         <name>IntMasterEnable</name>
         <value>0x2000bbe1</value>
         <object_component_ref idref="oc-110"/>
      </symbol>
      <symbol id="sm-d92">
         <name>PinTypeUART</name>
         <value>0x2000b97f</value>
         <object_component_ref idref="oc-265"/>
      </symbol>
      <symbol id="sm-d93">
         <name>PinTypeTimer</name>
         <value>0x2000b965</value>
         <object_component_ref idref="oc-fb"/>
      </symbol>
      <symbol id="sm-d94">
         <name>PinTypeGPIO</name>
         <value>0x2000b4f9</value>
         <object_component_ref idref="oc-12f"/>
      </symbol>
      <symbol id="sm-d95">
         <name>PinConfigSet</name>
         <value>0x2000a961</value>
         <object_component_ref idref="oc-206"/>
      </symbol>
      <symbol id="sm-d96">
         <name>PinModeSet</name>
         <value>0x2000b241</value>
         <object_component_ref idref="oc-200"/>
      </symbol>
      <symbol id="sm-e18">
         <name>PRCMPeripheralReset</name>
         <value>0x2000af4d</value>
         <object_component_ref idref="oc-228"/>
      </symbol>
      <symbol id="sm-e19">
         <name>PRCMPeripheralClkEnable</name>
         <value>0x2000b2c1</value>
         <object_component_ref idref="oc-f5"/>
      </symbol>
      <symbol id="sm-e1a">
         <name>PRCMPeripheralClockGet</name>
         <value>0x2000a8cd</value>
         <object_component_ref idref="oc-33d"/>
      </symbol>
      <symbol id="sm-e1b">
         <name>PRCMCC3200MCUInit</name>
         <value>0x20009e05</value>
         <object_component_ref idref="oc-11c"/>
      </symbol>
      <symbol id="sm-e1c">
         <name>PRCMHIBRegWrite</name>
         <value>0x2000ba3f</value>
         <object_component_ref idref="oc-222"/>
      </symbol>
      <symbol id="sm-e1d">
         <name>PRCMSysResetCauseGet</name>
         <value>0x2000b615</value>
         <object_component_ref idref="oc-234"/>
      </symbol>
      <symbol id="sm-e1e">
         <name>PRCMPeripheralClkDisable</name>
         <value>0x2000b6e9</value>
         <object_component_ref idref="oc-22e"/>
      </symbol>
      <symbol id="sm-e1f">
         <name>PRCMHIBRegRead</name>
         <value>0x2000ba29</value>
         <object_component_ref idref="oc-21c"/>
      </symbol>
      <symbol id="sm-e5c">
         <name>TimerMatchSet</name>
         <value>0x2000b66b</value>
         <object_component_ref idref="oc-d7"/>
      </symbol>
      <symbol id="sm-e5d">
         <name>TimerLoadSet</name>
         <value>0x2000b641</value>
         <object_component_ref idref="oc-ef"/>
      </symbol>
      <symbol id="sm-e5e">
         <name>TimerControlLevel</name>
         <value>0x2000b48f</value>
         <object_component_ref idref="oc-e9"/>
      </symbol>
      <symbol id="sm-e5f">
         <name>TimerEnable</name>
         <value>0x2000b867</value>
         <object_component_ref idref="oc-101"/>
      </symbol>
      <symbol id="sm-e60">
         <name>TimerPrescaleSet</name>
         <value>0x2000b695</value>
         <object_component_ref idref="oc-e3"/>
      </symbol>
      <symbol id="sm-e61">
         <name>TimerConfigure</name>
         <value>0x2000b1b9</value>
         <object_component_ref idref="oc-dd"/>
      </symbol>
      <symbol id="sm-ed6">
         <name>UARTDMAEnable</name>
         <value>0x2000b9c9</value>
         <object_component_ref idref="oc-27d"/>
      </symbol>
      <symbol id="sm-ed7">
         <name>UARTFIFODisable</name>
         <value>0x2000ba6b</value>
         <object_component_ref idref="oc-29b"/>
      </symbol>
      <symbol id="sm-ed8">
         <name>UARTConfigSetExpClk</name>
         <value>0x2000ac79</value>
         <object_component_ref idref="oc-26b"/>
      </symbol>
      <symbol id="sm-ed9">
         <name>UARTDisable</name>
         <value>0x2000b529</value>
         <object_component_ref idref="oc-295"/>
      </symbol>
      <symbol id="sm-eda">
         <name>UARTIntEnable</name>
         <value>0x2000b9f9</value>
         <object_component_ref idref="oc-277"/>
      </symbol>
      <symbol id="sm-edb">
         <name>UARTCharsAvail</name>
         <value>0x2000b9b1</value>
         <object_component_ref idref="oc-246"/>
      </symbol>
      <symbol id="sm-edc">
         <name>UARTCharPut</name>
         <value>0x2000b885</value>
         <object_component_ref idref="oc-2aa"/>
      </symbol>
      <symbol id="sm-edd">
         <name>UARTEnable</name>
         <value>0x2000b735</value>
         <object_component_ref idref="oc-28f"/>
      </symbol>
      <symbol id="sm-ede">
         <name>UARTFIFOEnable</name>
         <value>0x2000ba81</value>
         <object_component_ref idref="oc-289"/>
      </symbol>
      <symbol id="sm-edf">
         <name>UARTIntClear</name>
         <value>0x2000bb51</value>
         <object_component_ref idref="oc-252"/>
      </symbol>
      <symbol id="sm-ee0">
         <name>UARTIntStatus</name>
         <value>0x2000b8a3</value>
         <object_component_ref idref="oc-240"/>
      </symbol>
      <symbol id="sm-ee1">
         <name>UARTCharGet</name>
         <value>0x2000ba55</value>
         <object_component_ref idref="oc-24c"/>
      </symbol>
      <symbol id="sm-ee2">
         <name>UARTFIFOLevelSet</name>
         <value>0x2000b9e1</value>
         <object_component_ref idref="oc-2c3"/>
      </symbol>
      <symbol id="sm-f8f">
         <name>uDMAChannelControlSet</name>
         <value>0x2000b339</value>
         <object_component_ref idref="oc-2f8"/>
      </symbol>
      <symbol id="sm-f90">
         <name>uDMAIntClear</name>
         <value>0x2000bb3d</value>
         <object_component_ref idref="oc-2da"/>
      </symbol>
      <symbol id="sm-f91">
         <name>uDMAChannelDisable</name>
         <value>0x2000b8dd</value>
         <object_component_ref idref="oc-316"/>
      </symbol>
      <symbol id="sm-f92">
         <name>uDMAIntUnregister</name>
         <value>0x2000bb75</value>
         <object_component_ref idref="oc-31c"/>
      </symbol>
      <symbol id="sm-f93">
         <name>uDMAChannelAttributeEnable</name>
         <value>0x2000ae91</value>
         <object_component_ref idref="oc-2fe"/>
      </symbol>
      <symbol id="sm-f94">
         <name>uDMADisable</name>
         <value>0x2000bbbd</value>
         <object_component_ref idref="oc-322"/>
      </symbol>
      <symbol id="sm-f95">
         <name>uDMAChannelTransferSet</name>
         <value>0x2000a475</value>
         <object_component_ref idref="oc-304"/>
      </symbol>
      <symbol id="sm-f96">
         <name>uDMAIntStatus</name>
         <value>0x2000bbd5</value>
         <object_component_ref idref="oc-2d4"/>
      </symbol>
      <symbol id="sm-f97">
         <name>uDMAChannelAssign</name>
         <value>0x2000b095</value>
         <object_component_ref idref="oc-271"/>
      </symbol>
      <symbol id="sm-f98">
         <name>uDMAIntRegister</name>
         <value>0x2000baad</value>
         <object_component_ref idref="oc-2e0"/>
      </symbol>
      <symbol id="sm-f99">
         <name>uDMAEnable</name>
         <value>0x2000bbc9</value>
         <object_component_ref idref="oc-2e6"/>
      </symbol>
      <symbol id="sm-f9a">
         <name>uDMAControlBaseSet</name>
         <value>0x2000bb29</value>
         <object_component_ref idref="oc-2ec"/>
      </symbol>
      <symbol id="sm-f9b">
         <name>uDMAChannelAttributeDisable</name>
         <value>0x2000ae2d</value>
         <object_component_ref idref="oc-2f2"/>
      </symbol>
      <symbol id="sm-f9c">
         <name>uDMAChannelEnable</name>
         <value>0x2000b8f9</value>
         <object_component_ref idref="oc-30a"/>
      </symbol>
      <symbol id="sm-f9d">
         <name>uDMAChannelRequest</name>
         <value>0x2000b915</value>
         <object_component_ref idref="oc-310"/>
      </symbol>
      <symbol id="sm-fa1">
         <name>UtilsDelay</name>
         <value>0x2000bbf3</value>
         <object_component_ref idref="oc-443"/>
      </symbol>
      <symbol id="sm-fab">
         <name>CPUcpsie</name>
         <value>0x2000bac3</value>
         <object_component_ref idref="oc-211"/>
      </symbol>
      <symbol id="sm-fb1">
         <name>__TI_static_base__</name>
         <value>0x2000bfb8</value>
      </symbol>
   </symbol_table>
   <title>Link successful</title>
</link_info>
